<html>
<body>
<pre>
<h1>µVision Build Log</h1>
<h2>Tool Versions:</h2>
IDE-Version: µVision V5.15
Copyright (C) 2015 ARM Ltd and ARM Germany GmbH. All rights reserved.
License Information: 111111 111111, 111111, LIC=TIVRA-1R4WA-WF4I7-E9SGG-GF98X-FVIUS
 
Tool Versions:
Toolchain:       MDK-ARM Standard  Version: 5.15.0
Toolchain Path:  C:\Keil_v5\ARM\ARMCC\Bin
C Compiler:      Armcc.exe V5.05 update 2 (build 169)
Assembler:       Armasm.exe V5.05 update 2 (build 169)
Linker/Locator:  ArmLink.exe V5.05 update 2 (build 169)
Library Manager: ArmAr.exe V5.05 update 2 (build 169)
Hex Converter:   FromElf.exe V5.05 update 2 (build 169)
CPU DLL:         SARMCM3.DLL V5.15.0
Dialog DLL:      DCM.DLL V1.13.2.0
Target DLL:      STLink\ST-LINKIII-KEIL_SWO.dll V2.0.15.0_KEIL
Dialog DLL:      TCM.DLL V1.14.5.0
 
<h2>Project:</h2>
E:\usb_can_exp\MDK-ARM\game_test.uvprojx
Project File Date:  09/30/2018

<h2>Output:</h2>
*** Using Compiler 'V5.05 update 2 (build 169)', folder: 'C:\Keil_v5\ARM\ARMCC\Bin'
Rebuild target 'usb_can Configuration'
compiling usbd_ctlreq.c...
compiling usbd_ioreq.c...
compiling usbd_cdc.c...
compiling usbd_core.c...
compiling stm32f1xx_hal_msp.c...
compiling usbd_desc.c...
compiling stm32f1xx_it.c...
..\Src\stm32f1xx_it.c(345): warning:  #550-D: variable "state_recv" was set but never used
        HAL_StatusTypeDef state_recv;
..\Src\stm32f1xx_it.c: 1 warning, 0 errors
compiling usbd_cdc_if.c...
compiling main.c...
..\Src\main.c(998): warning:  #177-D: function "MX_RTC_Init" was declared but never referenced
  void MX_RTC_Init(void)
..\Src\main.c(1128): warning:  #177-D: function "LoadTIMPeriod" was declared but never referenced
  void LoadTIMPeriod(uint16_t period)
..\Src\main.c: 2 warnings, 0 errors
compiling usbd_conf.c...
compiling usb_device.c...
compiling freertos.c...
compiling usb_parser.c...
..\Src\usb_parser.c(73): warning:  #940-D: missing return statement at end of non-void function "ParsCMD"
  }
..\Src\usb_parser.c: 1 warning, 0 errors
compiling convert_data.c...
..\Src\convert_data.c(8): warning:  #177-D: variable "number" was declared but never referenced
                        uint16_t number = 0;
..\Src\convert_data.c: 1 warning, 0 errors
compiling stm32f1xx_hal_dma.c...
compiling stm32f1xx_hal_rcc.c...
compiling stm32f1xx_ll_usb.c...
compiling stm32f1xx_hal_pwr.c...
compiling stm32f1xx_hal_gpio.c...
compiling stm32f1xx_hal_pcd.c...
compiling stm32f1xx_hal_pcd_ex.c...
compiling stm32f1xx_hal_flash_ex.c...
compiling stm32f1xx_hal_cortex.c...
compiling stm32f1xx_hal_gpio_ex.c...
compiling stm32f1xx_hal_rcc_ex.c...
compiling stm32f1xx_hal.c...
compiling stm32f1xx_hal_flash.c...
compiling stm32f1xx_hal_can.c...
compiling stm32f1xx_hal_rtc.c...
compiling stm32f1xx_hal_rtc_ex.c...
compiling stm32f1xx_hal_tim.c...
compiling stm32f1xx_hal_tim_ex.c...
compiling stm32f1xx_hal_i2c.c...
assembling startup_stm32f105xc.s...
compiling system_stm32f1xx.c...
compiling queue.c...
compiling cmsis_os.c...
compiling port.c...
compiling croutine.c...
compiling timers.c...
compiling event_groups.c...
compiling tasks.c...
compiling list.c...
compiling heap_4.c...
linking...
Program Size: Code=35884 RO-data=404 RW-data=5152 ZI-data=12600  
FromELF: creating hex file...
"usb_can Configuration\usb_can Configuration.axf" - 0 Error(s), 5 Warning(s).

<h2>Collection of Component include folders:</h2>
  E:\usb_can_exp\MDK-ARM\RTE
  C:\Keil_v5\ARM\PACK\Keil\STM32F1xx_DFP\2.2.0\Device\Include

<h2>Collection of Component Files used:</h2>
</pre>
</body>
</html>
