Component: ARM Compiler 5.05 update 2 (build 169) Tool: armlink [4d0f33]

==============================================================================

Section Cross References

    usbd_ctlreq.o(i.USBD_ClrFeature) refers to usbd_ioreq.o(i.USBD_CtlSendStatus) for USBD_CtlSendStatus
    usbd_ctlreq.o(i.USBD_ClrFeature) refers to usbd_ctlreq.o(i.USBD_CtlError) for USBD_CtlError
    usbd_ctlreq.o(i.USBD_CtlError) refers to usbd_conf.o(i.USBD_LL_StallEP) for USBD_LL_StallEP
    usbd_ctlreq.o(i.USBD_GetConfig) refers to usbd_ctlreq.o(i.USBD_CtlError) for USBD_CtlError
    usbd_ctlreq.o(i.USBD_GetConfig) refers to usbd_ioreq.o(i.USBD_CtlSendData) for USBD_CtlSendData
    usbd_ctlreq.o(i.USBD_GetDescriptor) refers to usbd_ctlreq.o(i.USBD_CtlError) for USBD_CtlError
    usbd_ctlreq.o(i.USBD_GetDescriptor) refers to usbd_ioreq.o(i.USBD_CtlSendData) for USBD_CtlSendData
    usbd_ctlreq.o(i.USBD_GetStatus) refers to usbd_ioreq.o(i.USBD_CtlSendData) for USBD_CtlSendData
    usbd_ctlreq.o(i.USBD_GetStatus) refers to usbd_ctlreq.o(i.USBD_CtlError) for USBD_CtlError
    usbd_ctlreq.o(i.USBD_GetString) refers to usbd_ctlreq.o(i.USBD_GetLen) for USBD_GetLen
    usbd_ctlreq.o(i.USBD_SetAddress) refers to usbd_ctlreq.o(i.USBD_CtlError) for USBD_CtlError
    usbd_ctlreq.o(i.USBD_SetAddress) refers to usbd_conf.o(i.USBD_LL_SetUSBAddress) for USBD_LL_SetUSBAddress
    usbd_ctlreq.o(i.USBD_SetAddress) refers to usbd_ioreq.o(i.USBD_CtlSendStatus) for USBD_CtlSendStatus
    usbd_ctlreq.o(i.USBD_SetConfig) refers to usbd_ctlreq.o(i.USBD_CtlError) for USBD_CtlError
    usbd_ctlreq.o(i.USBD_SetConfig) refers to usbd_core.o(i.USBD_SetClassConfig) for USBD_SetClassConfig
    usbd_ctlreq.o(i.USBD_SetConfig) refers to usbd_ioreq.o(i.USBD_CtlSendStatus) for USBD_CtlSendStatus
    usbd_ctlreq.o(i.USBD_SetConfig) refers to usbd_core.o(i.USBD_ClrClassConfig) for USBD_ClrClassConfig
    usbd_ctlreq.o(i.USBD_SetConfig) refers to usbd_ctlreq.o(.data) for cfgidx
    usbd_ctlreq.o(i.USBD_SetFeature) refers to usbd_ioreq.o(i.USBD_CtlSendStatus) for USBD_CtlSendStatus
    usbd_ctlreq.o(i.USBD_StdDevReq) refers to usbd_ctlreq.o(i.USBD_GetDescriptor) for USBD_GetDescriptor
    usbd_ctlreq.o(i.USBD_StdDevReq) refers to usbd_ctlreq.o(i.USBD_SetAddress) for USBD_SetAddress
    usbd_ctlreq.o(i.USBD_StdDevReq) refers to usbd_ctlreq.o(i.USBD_SetConfig) for USBD_SetConfig
    usbd_ctlreq.o(i.USBD_StdDevReq) refers to usbd_ctlreq.o(i.USBD_GetConfig) for USBD_GetConfig
    usbd_ctlreq.o(i.USBD_StdDevReq) refers to usbd_ctlreq.o(i.USBD_GetStatus) for USBD_GetStatus
    usbd_ctlreq.o(i.USBD_StdDevReq) refers to usbd_ctlreq.o(i.USBD_SetFeature) for USBD_SetFeature
    usbd_ctlreq.o(i.USBD_StdDevReq) refers to usbd_ctlreq.o(i.USBD_ClrFeature) for USBD_ClrFeature
    usbd_ctlreq.o(i.USBD_StdDevReq) refers to usbd_ctlreq.o(i.USBD_CtlError) for USBD_CtlError
    usbd_ctlreq.o(i.USBD_StdEPReq) refers to usbd_conf.o(i.USBD_LL_StallEP) for USBD_LL_StallEP
    usbd_ctlreq.o(i.USBD_StdEPReq) refers to usbd_ioreq.o(i.USBD_CtlSendStatus) for USBD_CtlSendStatus
    usbd_ctlreq.o(i.USBD_StdEPReq) refers to usbd_ctlreq.o(i.USBD_CtlError) for USBD_CtlError
    usbd_ctlreq.o(i.USBD_StdEPReq) refers to usbd_conf.o(i.USBD_LL_ClearStallEP) for USBD_LL_ClearStallEP
    usbd_ctlreq.o(i.USBD_StdEPReq) refers to usbd_conf.o(i.USBD_LL_IsStallEP) for USBD_LL_IsStallEP
    usbd_ctlreq.o(i.USBD_StdEPReq) refers to usbd_ioreq.o(i.USBD_CtlSendData) for USBD_CtlSendData
    usbd_ctlreq.o(i.USBD_StdItfReq) refers to usbd_ioreq.o(i.USBD_CtlSendStatus) for USBD_CtlSendStatus
    usbd_ctlreq.o(i.USBD_StdItfReq) refers to usbd_ctlreq.o(i.USBD_CtlError) for USBD_CtlError
    usbd_ioreq.o(i.USBD_CtlContinueRx) refers to usbd_conf.o(i.USBD_LL_PrepareReceive) for USBD_LL_PrepareReceive
    usbd_ioreq.o(i.USBD_CtlContinueSendData) refers to usbd_conf.o(i.USBD_LL_Transmit) for USBD_LL_Transmit
    usbd_ioreq.o(i.USBD_CtlPrepareRx) refers to usbd_conf.o(i.USBD_LL_PrepareReceive) for USBD_LL_PrepareReceive
    usbd_ioreq.o(i.USBD_CtlReceiveStatus) refers to usbd_conf.o(i.USBD_LL_PrepareReceive) for USBD_LL_PrepareReceive
    usbd_ioreq.o(i.USBD_CtlSendData) refers to usbd_conf.o(i.USBD_LL_Transmit) for USBD_LL_Transmit
    usbd_ioreq.o(i.USBD_CtlSendStatus) refers to usbd_conf.o(i.USBD_LL_Transmit) for USBD_LL_Transmit
    usbd_ioreq.o(i.USBD_GetRxCount) refers to usbd_conf.o(i.USBD_LL_GetRxDataSize) for USBD_LL_GetRxDataSize
    usbd_cdc.o(i.USBD_CDC_DataOut) refers to usbd_conf.o(i.USBD_LL_GetRxDataSize) for USBD_LL_GetRxDataSize
    usbd_cdc.o(i.USBD_CDC_DeInit) refers to usbd_conf.o(i.USBD_LL_CloseEP) for USBD_LL_CloseEP
    usbd_cdc.o(i.USBD_CDC_DeInit) refers to usbd_conf.o(i.USBD_static_free) for USBD_static_free
    usbd_cdc.o(i.USBD_CDC_GetDeviceQualifierDescriptor) refers to usbd_cdc.o(.data) for USBD_CDC_DeviceQualifierDesc
    usbd_cdc.o(i.USBD_CDC_GetFSCfgDesc) refers to usbd_cdc.o(.data) for USBD_CDC_CfgFSDesc
[...]
    uxTopReadyPriority                       0x200013e4   Data           4  tasks.o(.data)
    xSchedulerRunning                        0x200013e8   Data           4  tasks.o(.data)
    uxPendedTicks                            0x200013ec   Data           4  tasks.o(.data)
    xYieldPending                            0x200013f0   Data           4  tasks.o(.data)
    xNumOfOverflows                          0x200013f4   Data           4  tasks.o(.data)
    uxTaskNumber                             0x200013f8   Data           4  tasks.o(.data)
    xNextTaskUnblockTime                     0x200013fc   Data           4  tasks.o(.data)
    uxSchedulerSuspended                     0x20001400   Data           4  tasks.o(.data)
    .data                                    0x20001404   Section       24  heap_4.o(.data)
    xStart                                   0x20001404   Data           8  heap_4.o(.data)
    pxEnd                                    0x2000140c   Data           4  heap_4.o(.data)
    xFreeBytesRemaining                      0x20001410   Data           4  heap_4.o(.data)
    xMinimumEverFreeBytesRemaining           0x20001414   Data           4  heap_4.o(.data)
    xBlockAllocatedBit                       0x20001418   Data           4  heap_4.o(.data)
    .data                                    0x2000141c   Section        4  mvars.o(.data)
    .bss                                     0x20001420   Section      512  usbd_desc.o(.bss)
    .bss                                     0x20001620   Section       72  stm32f1xx_it.o(.bss)
    .bss                                     0x20001668   Section      757  usbd_cdc_if.o(.bss)
    .bss                                     0x20001960   Section      798  main.o(.bss)
    .bss                                     0x20001c80   Section     1476  usbd_conf.o(.bss)
    mem                                      0x20002028   Data         540  usbd_conf.o(.bss)
    .bss                                     0x20002244   Section      548  usb_device.o(.bss)
    .bss                                     0x20002468   Section      240  tasks.o(.bss)
    pxReadyTasksLists                        0x20002468   Data         140  tasks.o(.bss)
    xDelayedTaskList1                        0x200024f4   Data          20  tasks.o(.bss)
    xDelayedTaskList2                        0x20002508   Data          20  tasks.o(.bss)
    xPendingReadyList                        0x2000251c   Data          20  tasks.o(.bss)
    xTasksWaitingTermination                 0x20002530   Data          20  tasks.o(.bss)
    xSuspendedTaskList                       0x20002544   Data          20  tasks.o(.bss)
    .bss                                     0x20002558   Section     6144  heap_4.o(.bss)
    ucHeap                                   0x20002558   Data        6144  heap_4.o(.bss)
    STACK                                    0x20003d58   Section     2048  startup_stm32f105xc.o(STACK)

    Global Symbols

    Symbol Name                              Value     Ov Type        Size  Object(Section)

    BuildAttributes$$THM_ISAv4$P$D$K$B$S$PE$A:L22UL41UL21$X:L11$S22US41US21$IEEE1$IW$USESV6$~STKCKD$USESV7$~SHL$OSPACE$ROPI$EBA8$MICROLIB$REQ8$PRES8$EABIv2 0x00000000   Number         0  anon$$obj.o ABSOLUTE
    __ARM_use_no_argv                        0x00000000   Number         0  main.o ABSOLUTE
    _printf_a                                0x00000000   Number         0  stubs.o ABSOLUTE
    _printf_c                                0x00000000   Number         0  stubs.o ABSOLUTE
    _printf_charcount                        0x00000000   Number         0  stubs.o ABSOLUTE
    _printf_d                                0x00000000   Number         0  stubs.o ABSOLUTE
    _printf_e                                0x00000000   Number         0  stubs.o ABSOLUTE
    _printf_f                                0x00000000   Number         0  stubs.o ABSOLUTE
    _printf_flags                            0x00000000   Number         0  stubs.o ABSOLUTE
    _printf_fp_dec                           0x00000000   Number         0  stubs.o ABSOLUTE
    _printf_fp_hex                           0x00000000   Number         0  stubs.o ABSOLUTE
    _printf_g                                0x00000000   Number         0  stubs.o ABSOLUTE
    _printf_i                                0x00000000   Number         0  stubs.o ABSOLUTE
    _printf_int_dec                          0x00000000   Number         0  stubs.o ABSOLUTE
    _printf_l                                0x00000000   Number         0  stubs.o ABSOLUTE
    _printf_lc                               0x00000000   Number         0  stubs.o ABSOLUTE
    _printf_ll                               0x00000000   Number         0  stubs.o ABSOLUTE
    _printf_lld                              0x00000000   Number         0  stubs.o ABSOLUTE
    _printf_lli                              0x00000000   Number         0  stubs.o ABSOLUTE
    _printf_llo                              0x00000000   Number         0  stubs.o ABSOLUTE
    _printf_llu                              0x00000000   Number         0  stubs.o ABSOLUTE
    _printf_llx                              0x00000000   Number         0  stubs.o ABSOLUTE
    _printf_longlong_dec                     0x00000000   Number         0  stubs.o ABSOLUTE
    _printf_longlong_hex                     0x00000000   Number         0  stubs.o ABSOLUTE
    _printf_longlong_oct                     0x00000000   Number         0  stubs.o ABSOLUTE
    _printf_ls                               0x00000000   Number         0  stubs.o ABSOLUTE
    _printf_mbtowc                           0x00000000   Number         0  stubs.o ABSOLUTE
    _printf_n                                0x00000000   Number         0  stubs.o ABSOLUTE
    _printf_o                                0x00000000   Number         0  stubs.o ABSOLUTE
    _printf_p                                0x00000000   Number         0  stubs.o ABSOLUTE
    _printf_percent                          0x00000000   Number         0  stubs.o ABSOLUTE
    _printf_pre_padding                      0x00000000   Number         0  stubs.o ABSOLUTE
    _printf_return_value                     0x00000000   Number         0  stubs.o ABSOLUTE
    _printf_s                                0x00000000   Number         0  stubs.o ABSOLUTE
    _printf_sizespec                         0x00000000   Number         0  stubs.o ABSOLUTE
    _printf_str                              0x00000000   Number         0  stubs.o ABSOLUTE
    _printf_truncate_signed                  0x00000000   Number         0  stubs.o ABSOLUTE
    _printf_truncate_unsigned                0x00000000   Number         0  stubs.o ABSOLUTE
    _printf_u                                0x00000000   Number         0  stubs.o ABSOLUTE
    _printf_wc                               0x00000000   Number         0  stubs.o ABSOLUTE
    _printf_wctomb                           0x00000000   Number         0  stubs.o ABSOLUTE
    _printf_widthprec                        0x00000000   Number         0  stubs.o ABSOLUTE
    _printf_x                                0x00000000   Number         0  stubs.o ABSOLUTE
    __cpp_initialize__aeabi_                  - Undefined Weak Reference
    __cxa_finalize                            - Undefined Weak Reference
    _clock_init                               - Undefined Weak Reference
    _microlib_exit                            - Undefined Weak Reference
    __Vectors_Size                           0x00000150   Number         0  startup_stm32f105xc.o ABSOLUTE
    __Vectors                                0x08000000   Data           4  startup_stm32f105xc.o(RESET)
    __Vectors_End                            0x08000150   Data           0  startup_stm32f105xc.o(RESET)
    __main                                   0x08000151   Thumb Code     0  entry.o(.ARM.Collect$$$$00000000)
    _main_stk                                0x08000151   Thumb Code     0  entry2.o(.ARM.Collect$$$$00000001)
    _main_scatterload                        0x08000155   Thumb Code     0  entry5.o(.ARM.Collect$$$$00000004)
    __main_after_scatterload                 0x08000159   Thumb Code     0  entry5.o(.ARM.Collect$$$$00000004)
    _main_clock                              0x08000159   Thumb Code     0  entry7b.o(.ARM.Collect$$$$00000008)
    _main_cpp_init                           0x08000159   Thumb Code     0  entry8b.o(.ARM.Collect$$$$0000000A)
    _main_init                               0x08000159   Thumb Code     0  entry9a.o(.ARM.Collect$$$$0000000B)
    __rt_final_cpp                           0x08000161   Thumb Code     0  entry10a.o(.ARM.Collect$$$$0000000D)
    __rt_final_exit                          0x08000161   Thumb Code     0  entry11a.o(.ARM.Collect$$$$0000000F)
    SVC_Handler                              0x08000165   Thumb Code    32  port.o(.emb_text)
    __asm___6_port_c_39a90d8d__prvStartFirstTask 0x08000189   Thumb Code    28  port.o(.emb_text)
    PendSV_Handler                           0x080001a9   Thumb Code    64  port.o(.emb_text)
    ulPortSetInterruptMask                   0x080001ed   Thumb Code    14  port.o(.emb_text)
    vPortClearInterruptMask                  0x080001fb   Thumb Code     6  port.o(.emb_text)
    vPortGetIPSR                             0x08000201   Thumb Code     6  port.o(.emb_text)
    Reset_Handler                            0x08000209   Thumb Code     8  startup_stm32f105xc.o(.text)
    NMI_Handler                              0x08000211   Thumb Code     2  startup_stm32f105xc.o(.text)
    HardFault_Handler                        0x08000213   Thumb Code     2  startup_stm32f105xc.o(.text)
    MemManage_Handler                        0x08000215   Thumb Code     2  startup_stm32f105xc.o(.text)
    BusFault_Handler                         0x08000217   Thumb Code     2  startup_stm32f105xc.o(.text)
    UsageFault_Handler                       0x08000219   Thumb Code     2  startup_stm32f105xc.o(.text)
    DebugMon_Handler                         0x0800021d   Thumb Code     2  startup_stm32f105xc.o(.text)
    ADC1_2_IRQHandler                        0x08000223   Thumb Code     0  startup_stm32f105xc.o(.text)
    CAN1_RX1_IRQHandler                      0x08000223   Thumb Code     0  startup_stm32f105xc.o(.text)
    CAN1_SCE_IRQHandler                      0x08000223   Thumb Code     0  startup_stm32f105xc.o(.text)
    CAN1_TX_IRQHandler                       0x08000223   Thumb Code     0  startup_stm32f105xc.o(.text)
    CAN2_RX1_IRQHandler                      0x08000223   Thumb Code     0  startup_stm32f105xc.o(.text)
    CAN2_SCE_IRQHandler                      0x08000223   Thumb Code     0  startup_stm32f105xc.o(.text)
    CAN2_TX_IRQHandler                       0x08000223   Thumb Code     0  startup_stm32f105xc.o(.text)
    DMA1_Channel1_IRQHandler                 0x08000223   Thumb Code     0  startup_stm32f105xc.o(.text)
    DMA1_Channel2_IRQHandler                 0x08000223   Thumb Code     0  startup_stm32f105xc.o(.text)
    DMA1_Channel3_IRQHandler                 0x08000223   Thumb Code     0  startup_stm32f105xc.o(.text)
    DMA1_Channel4_IRQHandler                 0x08000223   Thumb Code     0  startup_stm32f105xc.o(.text)
    DMA1_Channel5_IRQHandler                 0x08000223   Thumb Code     0  startup_stm32f105xc.o(.text)
    DMA1_Channel6_IRQHandler                 0x08000223   Thumb Code     0  startup_stm32f105xc.o(.text)
    DMA1_Channel7_IRQHandler                 0x08000223   Thumb Code     0  startup_stm32f105xc.o(.text)
    DMA2_Channel1_IRQHandler                 0x08000223   Thumb Code     0  startup_stm32f105xc.o(.text)
    DMA2_Channel2_IRQHandler                 0x08000223   Thumb Code     0  startup_stm32f105xc.o(.text)
    DMA2_Channel3_IRQHandler                 0x08000223   Thumb Code     0  startup_stm32f105xc.o(.text)
    DMA2_Channel4_IRQHandler                 0x08000223   Thumb Code     0  startup_stm32f105xc.o(.text)
    DMA2_Channel5_IRQHandler                 0x08000223   Thumb Code     0  startup_stm32f105xc.o(.text)
    EXTI0_IRQHandler                         0x08000223   Thumb Code     0  startup_stm32f105xc.o(.text)
    EXTI15_10_IRQHandler                     0x08000223   Thumb Code     0  startup_stm32f105xc.o(.text)
    EXTI1_IRQHandler                         0x08000223   Thumb Code     0  startup_stm32f105xc.o(.text)
    EXTI2_IRQHandler                         0x08000223   Thumb Code     0  startup_stm32f105xc.o(.text)
    EXTI4_IRQHandler                         0x08000223   Thumb Code     0  startup_stm32f105xc.o(.text)
    EXTI9_5_IRQHandler                       0x08000223   Thumb Code     0  startup_stm32f105xc.o(.text)
    FLASH_IRQHandler                         0x08000223   Thumb Code     0  startup_stm32f105xc.o(.text)
    I2C1_ER_IRQHandler                       0x08000223   Thumb Code     0  startup_stm32f105xc.o(.text)
    I2C2_ER_IRQHandler                       0x08000223   Thumb Code     0  startup_stm32f105xc.o(.text)
    I2C2_EV_IRQHandler                       0x08000223   Thumb Code     0  startup_stm32f105xc.o(.text)
    OTG_FS_WKUP_IRQHandler                   0x08000223   Thumb Code     0  startup_stm32f105xc.o(.text)
    PVD_IRQHandler                           0x08000223   Thumb Code     0  startup_stm32f105xc.o(.text)
    RCC_IRQHandler                           0x08000223   Thumb Code     0  startup_stm32f105xc.o(.text)
    RTC_Alarm_IRQHandler                     0x08000223   Thumb Code     0  startup_stm32f105xc.o(.text)
    SPI1_IRQHandler                          0x08000223   Thumb Code     0  startup_stm32f105xc.o(.text)
    SPI2_IRQHandler                          0x08000223   Thumb Code     0  startup_stm32f105xc.o(.text)
    SPI3_IRQHandler                          0x08000223   Thumb Code     0  startup_stm32f105xc.o(.text)
    TAMPER_IRQHandler                        0x08000223   Thumb Code     0  startup_stm32f105xc.o(.text)
    TIM1_BRK_IRQHandler                      0x08000223   Thumb Code     0  startup_stm32f105xc.o(.text)
    TIM1_CC_IRQHandler                       0x08000223   Thumb Code     0  startup_stm32f105xc.o(.text)
    TIM1_TRG_COM_IRQHandler                  0x08000223   Thumb Code     0  startup_stm32f105xc.o(.text)
    TIM1_UP_IRQHandler                       0x08000223   Thumb Code     0  startup_stm32f105xc.o(.text)
    TIM2_IRQHandler                          0x08000223   Thumb Code     0  startup_stm32f105xc.o(.text)
    TIM5_IRQHandler                          0x08000223   Thumb Code     0  startup_stm32f105xc.o(.text)
    TIM6_IRQHandler                          0x08000223   Thumb Code     0  startup_stm32f105xc.o(.text)
    TIM7_IRQHandler                          0x08000223   Thumb Code     0  startup_stm32f105xc.o(.text)
    UART4_IRQHandler                         0x08000223   Thumb Code     0  startup_stm32f105xc.o(.text)
    UART5_IRQHandler                         0x08000223   Thumb Code     0  startup_stm32f105xc.o(.text)
    USART1_IRQHandler                        0x08000223   Thumb Code     0  startup_stm32f105xc.o(.text)
    USART2_IRQHandler                        0x08000223   Thumb Code     0  startup_stm32f105xc.o(.text)
    USART3_IRQHandler                        0x08000223   Thumb Code     0  startup_stm32f105xc.o(.text)
    WWDG_IRQHandler                          0x08000223   Thumb Code     0  startup_stm32f105xc.o(.text)
    __aeabi_memcpy                           0x0800022d   Thumb Code    36  memcpya.o(.text)
    __aeabi_memcpy4                          0x0800022d   Thumb Code     0  memcpya.o(.text)
    __aeabi_memcpy8                          0x0800022d   Thumb Code     0  memcpya.o(.text)
    __aeabi_memset                           0x08000251   Thumb Code    14  memseta.o(.text)
    __aeabi_memset4                          0x08000251   Thumb Code     0  memseta.o(.text)
    __aeabi_memset8                          0x08000251   Thumb Code     0  memseta.o(.text)
    __aeabi_memclr                           0x0800025f   Thumb Code     4  memseta.o(.text)
    __aeabi_memclr4                          0x0800025f   Thumb Code     0  memseta.o(.text)
    __aeabi_memclr8                          0x0800025f   Thumb Code     0  memseta.o(.text)
    _memset$wrapper                          0x08000263   Thumb Code    18  memseta.o(.text)
    strlen                                   0x08000275   Thumb Code    14  strlen.o(.text)
    strncmp                                  0x08000283   Thumb Code    30  strncmp.o(.text)
    __aeabi_uidiv                            0x080002a1   Thumb Code     0  uidiv.o(.text)
    __aeabi_uidivmod                         0x080002a1   Thumb Code    44  uidiv.o(.text)
    __scatterload                            0x080002cd   Thumb Code    28  init.o(.text)
    __scatterload_rt2                        0x080002cd   Thumb Code     0  init.o(.text)
    __decompress                             0x080002f1   Thumb Code     0  __dczerorl2.o(.text)
    __decompress1                            0x080002f1   Thumb Code    86  __dczerorl2.o(.text)
    CAN1_RX0_IRQHandler                      0x08000349   Thumb Code   154  stm32f1xx_it.o(i.CAN1_RX0_IRQHandler)
    CAN2_RX0_IRQHandler                      0x08000401   Thumb Code   148  stm32f1xx_it.o(i.CAN2_RX0_IRQHandler)
    CDC_Transmit_FS                          0x08000779   Thumb Code    34  usbd_cdc_if.o(i.CDC_Transmit_FS)
    Capture_Time                             0x080007a1   Thumb Code   356  main.o(i.Capture_Time)
    EXTI3_IRQHandler                         0x0800091d   Thumb Code    82  stm32f1xx_it.o(i.EXTI3_IRQHandler)
    Filter_CAN_Init                          0x08000985   Thumb Code    54  main.o(i.Filter_CAN_Init)
    HAL_CAN_ConfigFilter                     0x080009c5   Thumb Code   292  stm32f1xx_hal_can.o(i.HAL_CAN_ConfigFilter)
    HAL_CAN_DeInit                           0x08000ae9   Thumb Code    40  stm32f1xx_hal_can.o(i.HAL_CAN_DeInit)
    HAL_CAN_ErrorCallback                    0x08000b11   Thumb Code     2  stm32f1xx_hal_can.o(i.HAL_CAN_ErrorCallback)
    HAL_CAN_IRQHandler                       0x08000b15   Thumb Code   414  stm32f1xx_hal_can.o(i.HAL_CAN_IRQHandler)
    HAL_CAN_Init                             0x08000cc1   Thumb Code   330  stm32f1xx_hal_can.o(i.HAL_CAN_Init)
    HAL_CAN_MspDeInit                        0x08000e0d   Thumb Code   124  stm32f1xx_hal_msp.o(i.HAL_CAN_MspDeInit)
    HAL_CAN_MspInit                          0x08000e9d   Thumb Code   280  stm32f1xx_hal_msp.o(i.HAL_CAN_MspInit)
    HAL_CAN_Receive                          0x08000fcd   Thumb Code   478  stm32f1xx_hal_can.o(i.HAL_CAN_Receive)
    HAL_CAN_Receive_IT                       0x080011ab   Thumb Code   128  stm32f1xx_hal_can.o(i.HAL_CAN_Receive_IT)
    HAL_CAN_RxCpltCallback                   0x0800122b   Thumb Code     2  stm32f1xx_hal_can.o(i.HAL_CAN_RxCpltCallback)
    HAL_CAN_Transmit                         0x0800122d   Thumb Code   584  stm32f1xx_hal_can.o(i.HAL_CAN_Transmit)
    HAL_CAN_TxCpltCallback                   0x08001481   Thumb Code     2  stm32f1xx_hal_can.o(i.HAL_CAN_TxCpltCallback)
    HAL_Delay                                0x08001483   Thumb Code    26  stm32f1xx_hal.o(i.HAL_Delay)
    HAL_GPIO_DeInit                          0x0800149d   Thumb Code   288  stm32f1xx_hal_gpio.o(i.HAL_GPIO_DeInit)
    HAL_GPIO_EXTI_Callback                   0x080015d5   Thumb Code     2  stm32f1xx_hal_gpio.o(i.HAL_GPIO_EXTI_Callback)
    HAL_GPIO_EXTI_IRQHandler                 0x080015d9   Thumb Code    24  stm32f1xx_hal_gpio.o(i.HAL_GPIO_EXTI_IRQHandler)
    HAL_GPIO_Init                            0x080015f5   Thumb Code   764  stm32f1xx_hal_gpio.o(i.HAL_GPIO_Init)
    HAL_GPIO_TogglePin                       0x08001911   Thumb Code     8  stm32f1xx_hal_gpio.o(i.HAL_GPIO_TogglePin)
    HAL_GetTick                              0x08001919   Thumb Code     6  stm32f1xx_hal.o(i.HAL_GetTick)
    HAL_I2C_EV_IRQHandler                    0x08001925   Thumb Code   370  stm32f1xx_hal_i2c.o(i.HAL_I2C_EV_IRQHandler)
    HAL_I2C_MasterRxCpltCallback             0x08001a97   Thumb Code     2  stm32f1xx_hal_i2c.o(i.HAL_I2C_MasterRxCpltCallback)
    HAL_I2C_MasterTxCpltCallback             0x08001a99   Thumb Code     2  stm32f1xx_hal_i2c.o(i.HAL_I2C_MasterTxCpltCallback)
    HAL_I2C_Master_Receive_IT                0x08001a9b   Thumb Code   286  stm32f1xx_hal_i2c.o(i.HAL_I2C_Master_Receive_IT)
    HAL_I2C_MemRxCpltCallback                0x08001bb9   Thumb Code     2  stm32f1xx_hal_i2c.o(i.HAL_I2C_MemRxCpltCallback)
    HAL_I2C_MemTxCpltCallback                0x08001bbb   Thumb Code     2  stm32f1xx_hal_i2c.o(i.HAL_I2C_MemTxCpltCallback)
    HAL_I2C_SlaveRxCpltCallback              0x08001bbd   Thumb Code    20  stm32f1xx_it.o(i.HAL_I2C_SlaveRxCpltCallback)
    HAL_IncTick                              0x08001bd5   Thumb Code    12  stm32f1xx_hal.o(i.HAL_IncTick)
    HAL_Init                                 0x08001be5   Thumb Code    34  stm32f1xx_hal.o(i.HAL_Init)
    HAL_InitTick                             0x08001c0d   Thumb Code    36  stm32f1xx_hal.o(i.HAL_InitTick)
    HAL_MspInit                              0x08001c31   Thumb Code    48  stm32f1xx_hal_msp.o(i.HAL_MspInit)
    HAL_NVIC_DisableIRQ                      0x08001c65   Thumb Code    22  stm32f1xx_hal_cortex.o(i.HAL_NVIC_DisableIRQ)
    HAL_NVIC_EnableIRQ                       0x08001c81   Thumb Code    26  stm32f1xx_hal_cortex.o(i.HAL_NVIC_EnableIRQ)
    HAL_NVIC_SetPriority                     0x08001c9b   Thumb Code   124  stm32f1xx_hal_cortex.o(i.HAL_NVIC_SetPriority)
    HAL_NVIC_SetPriorityGrouping             0x08001d19   Thumb Code    32  stm32f1xx_hal_cortex.o(i.HAL_NVIC_SetPriorityGrouping)
    HAL_PCDEx_SetConnectionState             0x08001d41   Thumb Code     2  usbd_conf.o(i.HAL_PCDEx_SetConnectionState)
    HAL_PCDEx_SetRxFiFo                      0x08001d43   Thumb Code    10  stm32f1xx_hal_pcd_ex.o(i.HAL_PCDEx_SetRxFiFo)
    HAL_PCDEx_SetTxFiFo                      0x08001d4d   Thumb Code    82  stm32f1xx_hal_pcd_ex.o(i.HAL_PCDEx_SetTxFiFo)
    HAL_PCD_ConnectCallback                  0x08001d9f   Thumb Code    14  usbd_conf.o(i.HAL_PCD_ConnectCallback)
    HAL_PCD_DataInStageCallback              0x08001dad   Thumb Code    32  usbd_conf.o(i.HAL_PCD_DataInStageCallback)
    HAL_PCD_DataOutStageCallback             0x08001dcd   Thumb Code    32  usbd_conf.o(i.HAL_PCD_DataOutStageCallback)
    HAL_PCD_DisconnectCallback               0x08001ded   Thumb Code    14  usbd_conf.o(i.HAL_PCD_DisconnectCallback)
    HAL_PCD_EP_Close                         0x08001dfb   Thumb Code   108  stm32f1xx_hal_pcd.o(i.HAL_PCD_EP_Close)
    HAL_PCD_EP_ClrStall                      0x08001e67   Thumb Code   106  stm32f1xx_hal_pcd.o(i.HAL_PCD_EP_ClrStall)
    HAL_PCD_EP_GetRxCount                    0x08001ed1   Thumb Code    24  stm32f1xx_hal_pcd.o(i.HAL_PCD_EP_GetRxCount)
    HAL_PCD_EP_Open                          0x08001ee9   Thumb Code   126  stm32f1xx_hal_pcd.o(i.HAL_PCD_EP_Open)
    HAL_PCD_EP_Receive                       0x08001f67   Thumb Code   110  stm32f1xx_hal_pcd.o(i.HAL_PCD_EP_Receive)
    HAL_PCD_EP_SetStall                      0x08001fd5   Thumb Code   122  stm32f1xx_hal_pcd.o(i.HAL_PCD_EP_SetStall)
    HAL_PCD_EP_Transmit                      0x0800204f   Thumb Code   112  stm32f1xx_hal_pcd.o(i.HAL_PCD_EP_Transmit)
    HAL_PCD_IRQHandler                       0x080020bf   Thumb Code  1034  stm32f1xx_hal_pcd.o(i.HAL_PCD_IRQHandler)
    HAL_PCD_ISOINIncompleteCallback          0x080024c9   Thumb Code    18  usbd_conf.o(i.HAL_PCD_ISOINIncompleteCallback)
    HAL_PCD_ISOOUTIncompleteCallback         0x080024db   Thumb Code    18  usbd_conf.o(i.HAL_PCD_ISOOUTIncompleteCallback)
    HAL_PCD_Init                             0x080024ed   Thumb Code   330  stm32f1xx_hal_pcd.o(i.HAL_PCD_Init)
    HAL_PCD_MspInit                          0x08002639   Thumb Code    82  usbd_conf.o(i.HAL_PCD_MspInit)
    HAL_PCD_ResetCallback                    0x08002695   Thumb Code    50  usbd_conf.o(i.HAL_PCD_ResetCallback)
    HAL_PCD_ResumeCallback                   0x080026c7   Thumb Code    14  usbd_conf.o(i.HAL_PCD_ResumeCallback)
    HAL_PCD_SOFCallback                      0x080026d5   Thumb Code    14  usbd_conf.o(i.HAL_PCD_SOFCallback)
    HAL_PCD_SetAddress                       0x080026e3   Thumb Code    54  stm32f1xx_hal_pcd.o(i.HAL_PCD_SetAddress)
    HAL_PCD_SetupStageCallback               0x08002719   Thumb Code    18  usbd_conf.o(i.HAL_PCD_SetupStageCallback)
    HAL_PCD_Start                            0x0800272b   Thumb Code    60  stm32f1xx_hal_pcd.o(i.HAL_PCD_Start)
    HAL_PCD_SuspendCallback                  0x08002769   Thumb Code    46  usbd_conf.o(i.HAL_PCD_SuspendCallback)
    HAL_RCCEx_PeriphCLKConfig                0x0800279d   Thumb Code   662  stm32f1xx_hal_rcc_ex.o(i.HAL_RCCEx_PeriphCLKConfig)
    HAL_RCC_ClockConfig                      0x08002a41   Thumb Code  1072  stm32f1xx_hal_rcc_ex.o(i.HAL_RCC_ClockConfig)
    HAL_RCC_GetHCLKFreq                      0x08002e75   Thumb Code    42  stm32f1xx_hal_rcc.o(i.HAL_RCC_GetHCLKFreq)
    HAL_RCC_GetSysClockFreq                  0x08002ead   Thumb Code   298  stm32f1xx_hal_rcc_ex.o(i.HAL_RCC_GetSysClockFreq)
    HAL_RCC_OscConfig                        0x08003005   Thumb Code  3008  stm32f1xx_hal_rcc_ex.o(i.HAL_RCC_OscConfig)
    HAL_RTCEx_DeactivateSecond               0x08003bcd   Thumb Code    58  stm32f1xx_hal_rtc_ex.o(i.HAL_RTCEx_DeactivateSecond)
    HAL_RTCEx_RTCEventCallback               0x08003c07   Thumb Code     2  stm32f1xx_hal_rtc_ex.o(i.HAL_RTCEx_RTCEventCallback)
    HAL_RTCEx_RTCEventErrorCallback          0x08003c09   Thumb Code     2  stm32f1xx_hal_rtc_ex.o(i.HAL_RTCEx_RTCEventErrorCallback)
    HAL_RTCEx_RTCIRQHandler                  0x08003c0b   Thumb Code    74  stm32f1xx_hal_rtc_ex.o(i.HAL_RTCEx_RTCIRQHandler)
    HAL_SYSTICK_CLKSourceConfig              0x08003c55   Thumb Code    40  stm32f1xx_hal_cortex.o(i.HAL_SYSTICK_CLKSourceConfig)
    HAL_SYSTICK_Config                       0x08003c7d   Thumb Code    52  stm32f1xx_hal_cortex.o(i.HAL_SYSTICK_Config)
    HAL_TIMEx_BreakCallback                  0x08003cb1   Thumb Code     2  stm32f1xx_hal_tim_ex.o(i.HAL_TIMEx_BreakCallback)
    HAL_TIMEx_CommutationCallback            0x08003cb3   Thumb Code     2  stm32f1xx_hal_tim_ex.o(i.HAL_TIMEx_CommutationCallback)
    HAL_TIMEx_MasterConfigSynchronization    0x08003cb5   Thumb Code    98  stm32f1xx_hal_tim_ex.o(i.HAL_TIMEx_MasterConfigSynchronization)
    HAL_TIM_Base_Init                        0x08003d17   Thumb Code    52  stm32f1xx_hal_tim.o(i.HAL_TIM_Base_Init)
    HAL_TIM_Base_MspInit                     0x08003d4d   Thumb Code   186  stm32f1xx_hal_msp.o(i.HAL_TIM_Base_MspInit)
    HAL_TIM_Base_Start                       0x08003e19   Thumb Code    30  stm32f1xx_hal_tim.o(i.HAL_TIM_Base_Start)
    HAL_TIM_IC_CaptureCallback               0x08003e37   Thumb Code     2  stm32f1xx_hal_tim.o(i.HAL_TIM_IC_CaptureCallback)
    HAL_TIM_IRQHandler                       0x08003e39   Thumb Code   406  stm32f1xx_hal_tim.o(i.HAL_TIM_IRQHandler)
    HAL_TIM_OC_ConfigChannel                 0x08003fcf   Thumb Code   116  stm32f1xx_hal_tim.o(i.HAL_TIM_OC_ConfigChannel)
    HAL_TIM_OC_DelayElapsedCallback          0x08004043   Thumb Code     2  stm32f1xx_hal_tim.o(i.HAL_TIM_OC_DelayElapsedCallback)
    HAL_TIM_OC_Init                          0x08004045   Thumb Code    52  stm32f1xx_hal_tim.o(i.HAL_TIM_OC_Init)
    HAL_TIM_OC_MspInit                       0x08004079   Thumb Code    58  stm32f1xx_hal_msp.o(i.HAL_TIM_OC_MspInit)
    HAL_TIM_OC_Start_IT                      0x080040bd   Thumb Code   136  stm32f1xx_hal_tim.o(i.HAL_TIM_OC_Start_IT)
    HAL_TIM_PWM_PulseFinishedCallback        0x08004149   Thumb Code     2  stm32f1xx_hal_tim.o(i.HAL_TIM_PWM_PulseFinishedCallback)
    HAL_TIM_PeriodElapsedCallback            0x0800414b   Thumb Code     2  stm32f1xx_hal_tim.o(i.HAL_TIM_PeriodElapsedCallback)
    HAL_TIM_TriggerCallback                  0x0800414d   Thumb Code     2  stm32f1xx_hal_tim.o(i.HAL_TIM_TriggerCallback)
    I2C1_EV_IRQHandler                       0x08004151   Thumb Code    10  stm32f1xx_it.o(i.I2C1_EV_IRQHandler)
    MX_CAN_ReInit                            0x08004751   Thumb Code   448  main.o(i.MX_CAN_ReInit)
    MX_USB_DEVICE_Init                       0x08004a85   Thumb Code    36  usb_device.o(i.MX_USB_DEVICE_Init)
    OTG_FS_IRQHandler                        0x08004af1   Thumb Code    10  stm32f1xx_it.o(i.OTG_FS_IRQHandler)
    ParsCMD                                  0x08004bad   Thumb Code   166  usb_parser.o(i.ParsCMD)
    RTC_IRQHandler                           0x08004c5d   Thumb Code    16  stm32f1xx_it.o(i.RTC_IRQHandler)
    Send_Msg                                 0x08004c71   Thumb Code    42  main.o(i.Send_Msg)
    Setting_CAN                              0x08004ca1   Thumb Code   468  main.o(i.Setting_CAN)
    SysTick_Handler                          0x08004e9d   Thumb Code    12  stm32f1xx_it.o(i.SysTick_Handler)
    SystemClock_Config                       0x08004ea9   Thumb Code   138  main.o(i.SystemClock_Config)
    SystemInit                               0x08004f39   Thumb Code    84  system_stm32f1xx.o(i.SystemInit)
    TIM3_IRQHandler                          0x08004f9d   Thumb Code    88  stm32f1xx_it.o(i.TIM3_IRQHandler)
    TIM4_IRQHandler                          0x08005009   Thumb Code   128  stm32f1xx_it.o(i.TIM4_IRQHandler)
    TIM_Base_SetConfig                       0x0800509d   Thumb Code   106  stm32f1xx_hal_tim.o(i.TIM_Base_SetConfig)
    TIM_CCxChannelCmd                        0x08005119   Thumb Code    28  stm32f1xx_hal_tim.o(i.TIM_CCxChannelCmd)
    TIM_OC2_SetConfig                        0x08005199   Thumb Code   106  stm32f1xx_hal_tim.o(i.TIM_OC2_SetConfig)
    Task_Pars_CAN                            0x080052c5   Thumb Code   392  main.o(i.Task_Pars_CAN)
    Task_Pars_USB                            0x08005459   Thumb Code   800  main.o(i.Task_Pars_USB)
    Task_Send_CAN                            0x080057bd   Thumb Code   114  main.o(i.Task_Send_CAN)
    Task_Send_USB                            0x08005845   Thumb Code    48  main.o(i.Task_Send_USB)
    USBD_CDC_GetDeviceQualifierDescriptor    0x08005939   Thumb Code    10  usbd_cdc.o(i.USBD_CDC_GetDeviceQualifierDescriptor)
    USBD_CDC_ReceivePacket                   0x08005a1f   Thumb Code    58  usbd_cdc.o(i.USBD_CDC_ReceivePacket)
    USBD_CDC_RegisterInterface               0x08005a59   Thumb Code    14  usbd_cdc.o(i.USBD_CDC_RegisterInterface)
    USBD_CDC_SetRxBuffer                     0x08005a67   Thumb Code    14  usbd_cdc.o(i.USBD_CDC_SetRxBuffer)
    USBD_CDC_SetTxBuffer                     0x08005a75   Thumb Code    20  usbd_cdc.o(i.USBD_CDC_SetTxBuffer)
    USBD_CDC_TransmitPacket                  0x08005af3   Thumb Code    56  usbd_cdc.o(i.USBD_CDC_TransmitPacket)
    USBD_ClrClassConfig                      0x08005b2b   Thumb Code    22  usbd_core.o(i.USBD_ClrClassConfig)
    USBD_CtlContinueRx                       0x08005b85   Thumb Code    24  usbd_ioreq.o(i.USBD_CtlContinueRx)
    USBD_CtlContinueSendData                 0x08005b9d   Thumb Code    24  usbd_ioreq.o(i.USBD_CtlContinueSendData)
    USBD_CtlError                            0x08005bb5   Thumb Code    24  usbd_ctlreq.o(i.USBD_CtlError)
    USBD_CtlPrepareRx                        0x08005bcd   Thumb Code    40  usbd_ioreq.o(i.USBD_CtlPrepareRx)
    USBD_CtlReceiveStatus                    0x08005bf5   Thumb Code    26  usbd_ioreq.o(i.USBD_CtlReceiveStatus)
    USBD_CtlSendData                         0x08005c0f   Thumb Code    34  usbd_ioreq.o(i.USBD_CtlSendData)
    USBD_CtlSendStatus                       0x08005c31   Thumb Code    26  usbd_ioreq.o(i.USBD_CtlSendStatus)
    USBD_FS_ConfigStrDescriptor              0x08005c4d   Thumb Code    34  usbd_desc.o(i.USBD_FS_ConfigStrDescriptor)
    USBD_FS_DeviceDescriptor                 0x08005c81   Thumb Code    10  usbd_desc.o(i.USBD_FS_DeviceDescriptor)
    USBD_FS_InterfaceStrDescriptor           0x08005c91   Thumb Code    34  usbd_desc.o(i.USBD_FS_InterfaceStrDescriptor)
    USBD_FS_LangIDStrDescriptor              0x08005cc9   Thumb Code    10  usbd_desc.o(i.USBD_FS_LangIDStrDescriptor)
    USBD_FS_ManufacturerStrDescriptor        0x08005cd9   Thumb Code    20  usbd_desc.o(i.USBD_FS_ManufacturerStrDescriptor)
    USBD_FS_ProductStrDescriptor             0x08005d05   Thumb Code    34  usbd_desc.o(i.USBD_FS_ProductStrDescriptor)
    USBD_FS_SerialStrDescriptor              0x08005d45   Thumb Code    34  usbd_desc.o(i.USBD_FS_SerialStrDescriptor)
    USBD_GetString                           0x08005f6d   Thumb Code    82  usbd_ctlreq.o(i.USBD_GetString)
    USBD_Init                                0x08005fbf   Thumb Code    50  usbd_core.o(i.USBD_Init)
    USBD_LL_ClearStallEP                     0x08005ff1   Thumb Code    20  usbd_conf.o(i.USBD_LL_ClearStallEP)
    USBD_LL_CloseEP                          0x08006005   Thumb Code    20  usbd_conf.o(i.USBD_LL_CloseEP)
    USBD_LL_DataInStage                      0x08006019   Thumb Code   194  usbd_core.o(i.USBD_LL_DataInStage)
    USBD_LL_DataOutStage                     0x080060db   Thumb Code   134  usbd_core.o(i.USBD_LL_DataOutStage)
    USBD_LL_DevConnected                     0x08006161   Thumb Code     6  usbd_core.o(i.USBD_LL_DevConnected)
    USBD_LL_DevDisconnected                  0x08006167   Thumb Code    26  usbd_core.o(i.USBD_LL_DevDisconnected)
    USBD_LL_GetRxDataSize                    0x08006181   Thumb Code    18  usbd_conf.o(i.USBD_LL_GetRxDataSize)
    USBD_LL_Init                             0x08006195   Thumb Code    82  usbd_conf.o(i.USBD_LL_Init)
    USBD_LL_IsStallEP                        0x080061ed   Thumb Code    56  usbd_conf.o(i.USBD_LL_IsStallEP)
    USBD_LL_IsoINIncomplete                  0x08006225   Thumb Code     6  usbd_core.o(i.USBD_LL_IsoINIncomplete)
    USBD_LL_IsoOUTIncomplete                 0x0800622b   Thumb Code     6  usbd_core.o(i.USBD_LL_IsoOUTIncomplete)
    USBD_LL_OpenEP                           0x08006231   Thumb Code    32  usbd_conf.o(i.USBD_LL_OpenEP)
    USBD_LL_PrepareReceive                   0x08006251   Thumb Code    32  usbd_conf.o(i.USBD_LL_PrepareReceive)
    USBD_LL_Reset                            0x08006271   Thumb Code    68  usbd_core.o(i.USBD_LL_Reset)
    USBD_LL_Resume                           0x080062b5   Thumb Code    14  usbd_core.o(i.USBD_LL_Resume)
    USBD_LL_SOF                              0x080062c3   Thumb Code    34  usbd_core.o(i.USBD_LL_SOF)
    USBD_LL_SetSpeed                         0x080062e5   Thumb Code     8  usbd_core.o(i.USBD_LL_SetSpeed)
    USBD_LL_SetUSBAddress                    0x080062ed   Thumb Code    20  usbd_conf.o(i.USBD_LL_SetUSBAddress)
    USBD_LL_SetupStage                       0x08006301   Thumb Code   110  usbd_core.o(i.USBD_LL_SetupStage)
    USBD_LL_StallEP                          0x0800636f   Thumb Code    20  usbd_conf.o(i.USBD_LL_StallEP)
    USBD_LL_Start                            0x08006383   Thumb Code    16  usbd_conf.o(i.USBD_LL_Start)
    USBD_LL_Suspend                          0x08006393   Thumb Code    20  usbd_core.o(i.USBD_LL_Suspend)
    USBD_LL_Transmit                         0x080063a7   Thumb Code    32  usbd_conf.o(i.USBD_LL_Transmit)
    USBD_ParseSetupRequest                   0x080063c7   Thumb Code    40  usbd_ctlreq.o(i.USBD_ParseSetupRequest)
    USBD_RegisterClass                       0x080063ef   Thumb Code    16  usbd_core.o(i.USBD_RegisterClass)
    USBD_RunTestMode                         0x080063ff   Thumb Code     6  usbd_core.o(i.USBD_RunTestMode)
    USBD_SetClassConfig                      0x08006459   Thumb Code    34  usbd_core.o(i.USBD_SetClassConfig)
    USBD_Start                               0x08006581   Thumb Code    14  usbd_core.o(i.USBD_Start)
    USBD_StdDevReq                           0x0800658f   Thumb Code   114  usbd_ctlreq.o(i.USBD_StdDevReq)
    USBD_StdEPReq                            0x08006601   Thumb Code   316  usbd_ctlreq.o(i.USBD_StdEPReq)
    USBD_StdItfReq                           0x0800673d   Thumb Code    74  usbd_ctlreq.o(i.USBD_StdItfReq)
    USBD_static_free                         0x08006787   Thumb Code    12  usbd_conf.o(i.USBD_static_free)
    USBD_static_malloc                       0x08006795   Thumb Code     6  usbd_conf.o(i.USBD_static_malloc)
    USB_ActivateEndpoint                     0x080067a1   Thumb Code   210  stm32f1xx_ll_usb.o(i.USB_ActivateEndpoint)
    USB_ActivateSetup                        0x08006879   Thumb Code    68  stm32f1xx_ll_usb.o(i.USB_ActivateSetup)
    USB_CoreInit                             0x080068bd   Thumb Code    28  stm32f1xx_ll_usb.o(i.USB_CoreInit)
    USB_DeactivateEndpoint                   0x08006925   Thumb Code   162  stm32f1xx_ll_usb.o(i.USB_DeactivateEndpoint)
    USB_DevConnect                           0x080069cd   Thumb Code    30  stm32f1xx_ll_usb.o(i.USB_DevConnect)
    USB_DevDisconnect                        0x080069eb   Thumb Code    30  stm32f1xx_ll_usb.o(i.USB_DevDisconnect)
    USB_DevInit                              0x08006a09   Thumb Code   352  stm32f1xx_ll_usb.o(i.USB_DevInit)
    USB_DisableGlobalInt                     0x08006b71   Thumb Code    14  stm32f1xx_ll_usb.o(i.USB_DisableGlobalInt)
    USB_EP0StartXfer                         0x08006b81   Thumb Code   384  stm32f1xx_ll_usb.o(i.USB_EP0StartXfer)
    USB_EP0_OutStart                         0x08006d05   Thumb Code    48  stm32f1xx_ll_usb.o(i.USB_EP0_OutStart)
    USB_EPClearStall                         0x08006d35   Thumb Code   136  stm32f1xx_ll_usb.o(i.USB_EPClearStall)
    USB_EPSetStall                           0x08006dbd   Thumb Code   140  stm32f1xx_ll_usb.o(i.USB_EPSetStall)
    USB_EPStartXfer                          0x08006e49   Thumb Code   672  stm32f1xx_ll_usb.o(i.USB_EPStartXfer)
    USB_EnableGlobalInt                      0x080070ed   Thumb Code    14  stm32f1xx_ll_usb.o(i.USB_EnableGlobalInt)
    USB_FlushRxFifo                          0x080070fd   Thumb Code    38  stm32f1xx_ll_usb.o(i.USB_FlushRxFifo)
    USB_FlushTxFifo                          0x08007129   Thumb Code    44  stm32f1xx_ll_usb.o(i.USB_FlushTxFifo)
    USB_GetMode                              0x08007159   Thumb Code    10  stm32f1xx_ll_usb.o(i.USB_GetMode)
    USB_ReadDevAllInEpInterrupt              0x08007163   Thumb Code    20  stm32f1xx_ll_usb.o(i.USB_ReadDevAllInEpInterrupt)
    USB_ReadDevAllOutEpInterrupt             0x08007177   Thumb Code    20  stm32f1xx_ll_usb.o(i.USB_ReadDevAllOutEpInterrupt)
    USB_ReadDevInEPInterrupt                 0x0800718b   Thumb Code    50  stm32f1xx_ll_usb.o(i.USB_ReadDevInEPInterrupt)
    USB_ReadDevOutEPInterrupt                0x080071bd   Thumb Code    24  stm32f1xx_ll_usb.o(i.USB_ReadDevOutEPInterrupt)
    USB_ReadInterrupts                       0x080071d5   Thumb Code    12  stm32f1xx_ll_usb.o(i.USB_ReadInterrupts)
    USB_ReadPacket                           0x080071e1   Thumb Code    40  stm32f1xx_ll_usb.o(i.USB_ReadPacket)
    USB_SetCurrentMode                       0x08007209   Thumb Code    48  stm32f1xx_ll_usb.o(i.USB_SetCurrentMode)
    USB_SetDevAddress                        0x08007239   Thumb Code    36  stm32f1xx_ll_usb.o(i.USB_SetDevAddress)
    USB_SetDevSpeed                          0x0800725d   Thumb Code    16  stm32f1xx_ll_usb.o(i.USB_SetDevSpeed)
    USB_WritePacket                          0x0800726d   Thumb Code    46  stm32f1xx_ll_usb.o(i.USB_WritePacket)
    __0sprintf$6                             0x0800729d   Thumb Code    34  printf6.o(i.__0sprintf$6)
    __1sprintf$6                             0x0800729d   Thumb Code     0  printf6.o(i.__0sprintf$6)
    __2sprintf                               0x0800729d   Thumb Code     0  printf6.o(i.__0sprintf$6)
    __scatterload_copy                       0x080072c5   Thumb Code    14  handlers.o(i.__scatterload_copy)
    __scatterload_null                       0x080072d3   Thumb Code     2  handlers.o(i.__scatterload_null)
    __scatterload_zeroinit                   0x080072d5   Thumb Code    14  handlers.o(i.__scatterload_zeroinit)
    free                                     0x08007631   Thumb Code    76  malloc.o(i.free)
    main                                     0x08007681   Thumb Code   320  main.o(i.main)
    osDelay                                  0x08007849   Thumb Code    24  cmsis_os.o(i.osDelay)
    osKernelStart                            0x08007861   Thumb Code    10  cmsis_os.o(i.osKernelStart)
    osSystickHandler                         0x0800786b   Thumb Code    16  cmsis_os.o(i.osSystickHandler)
    pvPortMalloc                             0x08007cfd   Thumb Code   254  heap_4.o(i.pvPortMalloc)
    pvTaskIncrementMutexHeldCount            0x08007e11   Thumb Code    26  tasks.o(i.pvTaskIncrementMutexHeldCount)
    pxPortInitialiseStack                    0x08007e31   Thumb Code    26  port.o(i.pxPortInitialiseStack)
    uxListRemove                             0x08007e51   Thumb Code    40  list.o(i.uxListRemove)
    vListInitialise                          0x08007e79   Thumb Code    26  list.o(i.vListInitialise)
    vListInitialiseItem                      0x08007e93   Thumb Code     6  list.o(i.vListInitialiseItem)
    vListInsert                              0x08007e99   Thumb Code    52  list.o(i.vListInsert)
    vListInsertEnd                           0x08007ecd   Thumb Code    24  list.o(i.vListInsertEnd)
    vPortEnterCritical                       0x08007ee5   Thumb Code    60  port.o(i.vPortEnterCritical)
    vPortExitCritical                        0x08007f29   Thumb Code    40  port.o(i.vPortExitCritical)
    vPortFree                                0x08007f55   Thumb Code   112  heap_4.o(i.vPortFree)
    vPortSetupTimerInterrupt                 0x08007fcd   Thumb Code    26  port.o(i.vPortSetupTimerInterrupt)
    vPortValidateInterruptPriority           0x08007fed   Thumb Code    78  port.o(i.vPortValidateInterruptPriority)
    vPortYield                               0x08008049   Thumb Code    18  port.o(i.vPortYield)
    vTaskDelay                               0x08008061   Thumb Code    94  tasks.o(i.vTaskDelay)
    vTaskMissedYield                         0x080080d1   Thumb Code     8  tasks.o(i.vTaskMissedYield)
    vTaskPlaceOnEventList                    0x080080dd   Thumb Code    94  tasks.o(i.vTaskPlaceOnEventList)
    vTaskPriorityInherit                     0x0800814d   Thumb Code   164  tasks.o(i.vTaskPriorityInherit)
    vTaskSetTimeOutState                     0x080081fd   Thumb Code    28  tasks.o(i.vTaskSetTimeOutState)
    vTaskStartScheduler                      0x08008221   Thumb Code    64  tasks.o(i.vTaskStartScheduler)
    vTaskSuspendAll                          0x08008275   Thumb Code    12  tasks.o(i.vTaskSuspendAll)
    vTaskSwitchContext                       0x08008285   Thumb Code   106  tasks.o(i.vTaskSwitchContext)
    xPortStartScheduler                      0x08008305   Thumb Code   140  port.o(i.xPortStartScheduler)
    xPortSysTickHandler                      0x080083a5   Thumb Code    28  port.o(i.xPortSysTickHandler)
    xQueueGenericCreate                      0x080083c5   Thumb Code    92  queue.o(i.xQueueGenericCreate)
    xQueueGenericReceive                     0x08008421   Thumb Code   346  queue.o(i.xQueueGenericReceive)
    xQueueGenericReset                       0x0800857b   Thumb Code   120  queue.o(i.xQueueGenericReset)
    xQueueGenericSend                        0x080085f3   Thumb Code   322  queue.o(i.xQueueGenericSend)
    xQueueGenericSendFromISR                 0x08008735   Thumb Code   180  queue.o(i.xQueueGenericSendFromISR)
    xQueueReceiveFromISR                     0x080087e9   Thumb Code   136  queue.o(i.xQueueReceiveFromISR)
    xTaskCheckForTimeOut                     0x08008871   Thumb Code   108  tasks.o(i.xTaskCheckForTimeOut)
    xTaskGenericCreate                       0x080088e5   Thumb Code   288  tasks.o(i.xTaskGenericCreate)
    xTaskGetSchedulerState                   0x08008a1d   Thumb Code    24  tasks.o(i.xTaskGetSchedulerState)
    xTaskIncrementTick                       0x08008a3d   Thumb Code   272  tasks.o(i.xTaskIncrementTick)
    xTaskPriorityDisinherit                  0x08008b79   Thumb Code   136  tasks.o(i.xTaskPriorityDisinherit)
    xTaskRemoveFromEventList                 0x08008c09   Thumb Code   114  tasks.o(i.xTaskRemoveFromEventList)
    xTaskResumeAll                           0x08008c95   Thumb Code   200  tasks.o(i.xTaskResumeAll)
    aAPBAHBPrescTable                        0x08008d7c   Data          16  stm32f1xx_hal_rcc.o(.constdata)
    Region$$Table$$Base                      0x08008da0   Number         0  anon$$obj.o(Region$$Table)
    Region$$Table$$Limit                     0x08008dc0   Number         0  anon$$obj.o(Region$$Table)
    USBD_CDC                                 0x20000010   Data          56  usbd_cdc.o(.data)
    USBD_CDC_CfgHSDesc                       0x20000048   Data          67  usbd_cdc.o(.data)
    USBD_CDC_CfgFSDesc                       0x2000008c   Data          67  usbd_cdc.o(.data)
    USBD_CDC_OtherSpeedCfgDesc               0x200000d0   Data          67  usbd_cdc.o(.data)
    FS_Desc                                  0x20000118   Data          28  usbd_desc.o(.data)
    USBD_FS_DeviceDesc                       0x20000134   Data          18  usbd_desc.o(.data)
    USBD_LangIDDesc                          0x20000148   Data           4  usbd_desc.o(.data)
    buff_secund                              0x200006ea   Data           2  stm32f1xx_it.o(.data)
    buff_minute                              0x200006ec   Data           2  stm32f1xx_it.o(.data)
    buff_hours                               0x200006ee   Data           2  stm32f1xx_it.o(.data)
    time_buff_to_usb                         0x200006f0   Data          45  stm32f1xx_it.o(.data)
    can_spd_to_msg                           0x2000071d   Data           8  stm32f1xx_it.o(.data)
    symbol_can_speed                         0x20000725   Data          13  stm32f1xx_it.o(.data)
    cnt_msecund                              0x20000734   Data           4  stm32f1xx_it.o(.data)
    cnt_secund                               0x20000738   Data           4  stm32f1xx_it.o(.data)
    cnt_minute                               0x2000073c   Data           4  stm32f1xx_it.o(.data)
    global_timer                             0x20000740   Data           4  stm32f1xx_it.o(.data)
    Main_time                                0x20000744   Data           3  stm32f1xx_it.o(.data)
    counter                                  0x20000754   Data           1  usbd_cdc_if.o(.data)
    hUsbDevice_0                             0x20000758   Data           4  usbd_cdc_if.o(.data)
    USBD_Interface_fops_FS                   0x2000075c   Data          16  usbd_cdc_if.o(.data)
    error_msg_dbg                            0x20000d10   Data           4  main.o(.data)
    error_time_dbg                           0x20000d14   Data           4  main.o(.data)
    send_to_can_whith_period                 0x20000d18   Data           6  main.o(.data)
    defaultTaskHandle                        0x20000d20   Data           4  main.o(.data)
    flag_buss_can1_ok                        0x20000d24   Data           1  main.o(.data)
    flag_buss_can2_ok                        0x20000d25   Data           1  main.o(.data)
    flag_start_operation                     0x20000d26   Data           1  main.o(.data)
    flag_stop_operation                      0x20000d27   Data           1  main.o(.data)
    flag_on_marker                           0x20000d28   Data           1  main.o(.data)
    flag_can_sender_1                        0x20000d29   Data           1  main.o(.data)
    flag_can_sender_2                        0x20000d2a   Data           1  main.o(.data)
    flag_stop_stream_usb                     0x20000d2b   Data           1  main.o(.data)
    flag_can_sender                          0x20000d2c   Data           4  main.o(.data)
    CAN1_setings                             0x20000d30   Data           1  main.o(.data)
    CAN2_setings                             0x20000d31   Data           1  main.o(.data)
    state_bus_can                            0x20000d32   Data           1  main.o(.data)
    buff                                     0x20000d33   Data           8  main.o(.data)
    answer_sc_ok                             0x20000d3b   Data          10  main.o(.data)
    answer_sc_er                             0x20000d45   Data          10  main.o(.data)
    buff_baudrate                            0x20000d4f   Data          13  main.o(.data)
    result_search                            0x20000d5c   Data           1  main.o(.data)
    state_my_can                             0x20000d5d   Data           1  main.o(.data)
    state_can_buss_errror                    0x20000d60   Data           4  main.o(.data)
    nmb_baud_CAN_1                           0x20000d64   Data           4  main.o(.data)
    nmb_baud_CAN_2                           0x20000d68   Data           4  main.o(.data)
    nmb_baud                                 0x20000d6c   Data           1  main.o(.data)
    cnt_data_us                              0x20000d70   Data           4  main.o(.data)
    cnt_us                                   0x20000d74   Data           4  main.o(.data)
    cnt_error                                0x20000d78   Data           4  main.o(.data)
    queue_can                                0x20000d7c   Data           4  main.o(.data)
    queue_usb                                0x20000d80   Data           4  main.o(.data)
    queue_in_usb                             0x20000d84   Data           4  main.o(.data)
    queue_to_can                             0x20000d88   Data           4  main.o(.data)
    queue_from_timer                         0x20000d8c   Data           4  main.o(.data)
    queue_periods                            0x20000d90   Data           4  main.o(.data)
    start_marker                             0x20000d94   Data          53  main.o(.data)
    stop_marker                              0x20000dc9   Data          53  main.o(.data)
    xSemaphore                               0x20000e00   Data           4  main.o(.data)
    sendSemaphore                            0x20000e04   Data           4  main.o(.data)
    SystemCoreClock                          0x200013ac   Data           4  system_stm32f1xx.o(.data)
    AHBPrescTable                            0x200013b0   Data          16  system_stm32f1xx.o(.data)
    pxCurrentTCB                             0x200013cc   Data           4  tasks.o(.data)
    __microlib_freelist                      0x2000141c   Data           4  mvars.o(.data)
    USBD_StrDesc                             0x20001420   Data         512  usbd_desc.o(.bss)
    can1_pack                                0x20001620   Data          36  stm32f1xx_it.o(.bss)
    can2_pack                                0x20001644   Data          36  stm32f1xx_it.o(.bss)
    Data_USB_rBuff                           0x20001668   Data         267  usbd_cdc_if.o(.bss)
    buff_lenght                              0x20001773   Data         256  usbd_cdc_if.o(.bss)
    Data_USB                                 0x20001873   Data          64  usbd_cdc_if.o(.bss)
    Temp_Copy_Data_USB                       0x200018b3   Data          64  usbd_cdc_if.o(.bss)
    UserRxBufferFS                           0x200018f3   Data          53  usbd_cdc_if.o(.bss)
    UserTxBufferFS                           0x20001928   Data          53  usbd_cdc_if.o(.bss)
    hi2c1                                    0x20001960   Data          60  main.o(.bss)
    htim1                                    0x2000199c   Data          60  main.o(.bss)
    htim2                                    0x200019d8   Data          60  main.o(.bss)
    htim3                                    0x20001a14   Data          60  main.o(.bss)
    htim4                                    0x20001a50   Data          60  main.o(.bss)
    hcan1                                    0x20001a8c   Data          64  main.o(.bss)
    hcan2                                    0x20001acc   Data          64  main.o(.bss)
    hrtc                                     0x20001b0c   Data          20  main.o(.bss)
    send_to_can_stct                         0x20001b20   Data          20  main.o(.bss)
    TxMsg                                    0x20001b34   Data          52  main.o(.bss)
    TxMsgCan2                                0x20001b68   Data          52  main.o(.bss)
    RxMsg                                    0x20001b9c   Data          60  main.o(.bss)
    RxMsgCan2                                0x20001bd8   Data          60  main.o(.bss)
    data_buff_to_usb                         0x20001c14   Data          53  main.o(.bss)
    data_buff_input_usb                      0x20001c49   Data          53  main.o(.bss)
    hpcd_USB_OTG_FS                          0x20001c80   Data         936  usbd_conf.o(.bss)
    hUsbDeviceFS                             0x20002244   Data         548  usb_device.o(.bss)
    __initial_sp                             0x20004558   Data           0  startup_stm32f105xc.o(STACK)



==============================================================================

Memory Map of the image

  Image Entry point : 0x08000151

  Load Region LR_IROM1 (Base: 0x08000000, Size: 0x0000a1e0, Max: 0x00040000, ABSOLUTE, COMPRESSED[0x00008f60])

    Execution Region ER_IROM1 (Base: 0x08000000, Size: 0x00008dc0, Max: 0x00040000, ABSOLUTE)

    Base Addr    Size         Type   Attr      Idx    E Section Name        Object

    0x08000000   0x00000150   Data   RO         4493    RESET               startup_stm32f105xc.o
    0x08000150   0x00000000   Code   RO         5576  * .ARM.Collect$$$$00000000  mc_w.l(entry.o)
    0x08000150   0x00000004   Code   RO         5880    .ARM.Collect$$$$00000001  mc_w.l(entry2.o)
    0x08000154   0x00000004   Code   RO         5883    .ARM.Collect$$$$00000004  mc_w.l(entry5.o)
    0x08000158   0x00000000   Code   RO         5885    .ARM.Collect$$$$00000008  mc_w.l(entry7b.o)
    0x08000158   0x00000000   Code   RO         5887    .ARM.Collect$$$$0000000A  mc_w.l(entry8b.o)
    0x08000158   0x00000008   Code   RO         5888    .ARM.Collect$$$$0000000B  mc_w.l(entry9a.o)
    0x08000160   0x00000000   Code   RO         5890    .ARM.Collect$$$$0000000D  mc_w.l(entry10a.o)
    0x08000160   0x00000000   Code   RO         5892    .ARM.Collect$$$$0000000F  mc_w.l(entry11a.o)
    0x08000160   0x00000004   Code   RO         5881    .ARM.Collect$$$$00002712  mc_w.l(entry2.o)
    0x08000164   0x000000a2   Code   RO         5019    .emb_text           port.o
    0x08000206   0x00000002   PAD
    0x08000208   0x00000024   Code   RO         4494    .text               startup_stm32f105xc.o
    0x0800022c   0x00000024   Code   RO         5581    .text               mc_w.l(memcpya.o)
    0x08000250   0x00000024   Code   RO         5583    .text               mc_w.l(memseta.o)
    0x08000274   0x0000000e   Code   RO         5585    .text               mc_w.l(strlen.o)
    0x08000282   0x0000001e   Code   RO         5587    .text               mc_w.l(strncmp.o)
    0x080002a0   0x0000002c   Code   RO         5897    .text               mc_w.l(uidiv.o)
    0x080002cc   0x00000024   Code   RO         5914    .text               mc_w.l(init.o)
    0x080002f0   0x00000056   Code   RO         5932    .text               mc_w.l(__dczerorl2.o)
    0x08000346   0x00000002   PAD
    0x08000348   0x000000b8   Code   RO          700    i.CAN1_RX0_IRQHandler  stm32f1xx_it.o
    0x08000400   0x000000b0   Code   RO          701    i.CAN2_RX0_IRQHandler  stm32f1xx_it.o
    0x080004b0   0x0000018e   Code   RO         2866    i.CAN_Receive_IT    stm32f1xx_hal_can.o
    0x0800063e   0x00000044   Code   RO         2867    i.CAN_Transmit_IT   stm32f1xx_hal_can.o
    0x08000682   0x00000044   Code   RO          851    i.CDC_Control_FS    usbd_cdc_if.o
    0x080006c6   0x00000004   Code   RO          852    i.CDC_DeInit_FS     usbd_cdc_if.o
    0x080006ca   0x00000002   PAD
    0x080006cc   0x00000034   Code   RO          853    i.CDC_Init_FS       usbd_cdc_if.o
    0x08000700   0x00000078   Code   RO          854    i.CDC_Receive_FS    usbd_cdc_if.o
    0x08000778   0x00000028   Code   RO          855    i.CDC_Transmit_FS   usbd_cdc_if.o
    0x080007a0   0x0000017c   Code   RO          916    i.Capture_Time      main.o
    0x0800091c   0x00000068   Code   RO          702    i.EXTI3_IRQHandler  stm32f1xx_it.o
    0x08000984   0x00000040   Code   RO          917    i.Filter_CAN_Init   main.o
    0x080009c4   0x00000124   Code   RO         2868    i.HAL_CAN_ConfigFilter  stm32f1xx_hal_can.o
    0x08000ae8   0x00000028   Code   RO         2869    i.HAL_CAN_DeInit    stm32f1xx_hal_can.o
    0x08000b10   0x00000002   Code   RO         2870    i.HAL_CAN_ErrorCallback  stm32f1xx_hal_can.o
    0x08000b12   0x00000002   PAD
    0x08000b14   0x000001ac   Code   RO         2873    i.HAL_CAN_IRQHandler  stm32f1xx_hal_can.o
    0x08000cc0   0x0000014a   Code   RO         2874    i.HAL_CAN_Init      stm32f1xx_hal_can.o
    0x08000e0a   0x00000002   PAD
    0x08000e0c   0x00000090   Code   RO          529    i.HAL_CAN_MspDeInit  stm32f1xx_hal_msp.o
    0x08000e9c   0x00000130   Code   RO          530    i.HAL_CAN_MspInit   stm32f1xx_hal_msp.o
    0x08000fcc   0x000001de   Code   RO         2877    i.HAL_CAN_Receive   stm32f1xx_hal_can.o
    0x080011aa   0x00000080   Code   RO         2878    i.HAL_CAN_Receive_IT  stm32f1xx_hal_can.o
    0x0800122a   0x00000002   Code   RO         2879    i.HAL_CAN_RxCpltCallback  stm32f1xx_hal_can.o
    0x0800122c   0x00000254   Code   RO         2881    i.HAL_CAN_Transmit  stm32f1xx_hal_can.o
    0x08001480   0x00000002   Code   RO         2883    i.HAL_CAN_TxCpltCallback  stm32f1xx_hal_can.o
    0x08001482   0x0000001a   Code   RO         2646    i.HAL_Delay         stm32f1xx_hal.o
    0x0800149c   0x00000138   Code   RO         1956    i.HAL_GPIO_DeInit   stm32f1xx_hal_gpio.o
    0x080015d4   0x00000002   Code   RO         1957    i.HAL_GPIO_EXTI_Callback  stm32f1xx_hal_gpio.o
    0x080015d6   0x00000002   PAD
    0x080015d8   0x0000001c   Code   RO         1958    i.HAL_GPIO_EXTI_IRQHandler  stm32f1xx_hal_gpio.o
    0x080015f4   0x0000031c   Code   RO         1959    i.HAL_GPIO_Init     stm32f1xx_hal_gpio.o
    0x08001910   0x00000008   Code   RO         1962    i.HAL_GPIO_TogglePin  stm32f1xx_hal_gpio.o
    0x08001918   0x0000000c   Code   RO         2650    i.HAL_GetTick       stm32f1xx_hal.o
    0x08001924   0x00000172   Code   RO         4149    i.HAL_I2C_EV_IRQHandler  stm32f1xx_hal_i2c.o
    0x08001a96   0x00000002   Code   RO         4155    i.HAL_I2C_MasterRxCpltCallback  stm32f1xx_hal_i2c.o
    0x08001a98   0x00000002   Code   RO         4156    i.HAL_I2C_MasterTxCpltCallback  stm32f1xx_hal_i2c.o
    0x08001a9a   0x0000011e   Code   RO         4159    i.HAL_I2C_Master_Receive_IT  stm32f1xx_hal_i2c.o
    0x08001bb8   0x00000002   Code   RO         4163    i.HAL_I2C_MemRxCpltCallback  stm32f1xx_hal_i2c.o
    0x08001bba   0x00000002   Code   RO         4164    i.HAL_I2C_MemTxCpltCallback  stm32f1xx_hal_i2c.o
    0x08001bbc   0x00000018   Code   RO          703    i.HAL_I2C_SlaveRxCpltCallback  stm32f1xx_it.o
    0x08001bd4   0x00000010   Code   RO         2651    i.HAL_IncTick       stm32f1xx_hal.o
    0x08001be4   0x00000028   Code   RO         2652    i.HAL_Init          stm32f1xx_hal.o
    0x08001c0c   0x00000024   Code   RO         2653    i.HAL_InitTick      stm32f1xx_hal.o
    0x08001c30   0x00000034   Code   RO          533    i.HAL_MspInit       stm32f1xx_hal_msp.o
    0x08001c64   0x0000001c   Code   RO         2386    i.HAL_NVIC_DisableIRQ  stm32f1xx_hal_cortex.o
    0x08001c80   0x0000001a   Code   RO         2387    i.HAL_NVIC_EnableIRQ  stm32f1xx_hal_cortex.o
    0x08001c9a   0x0000007c   Code   RO         2393    i.HAL_NVIC_SetPriority  stm32f1xx_hal_cortex.o
    0x08001d16   0x00000002   PAD
    0x08001d18   0x00000028   Code   RO         2394    i.HAL_NVIC_SetPriorityGrouping  stm32f1xx_hal_cortex.o
    0x08001d40   0x00000002   Code   RO         1057    i.HAL_PCDEx_SetConnectionState  usbd_conf.o
    0x08001d42   0x0000000a   Code   RO         2238    i.HAL_PCDEx_SetRxFiFo  stm32f1xx_hal_pcd_ex.o
    0x08001d4c   0x00000052   Code   RO         2239    i.HAL_PCDEx_SetTxFiFo  stm32f1xx_hal_pcd_ex.o
    0x08001d9e   0x0000000e   Code   RO         1058    i.HAL_PCD_ConnectCallback  usbd_conf.o
    0x08001dac   0x00000020   Code   RO         1059    i.HAL_PCD_DataInStageCallback  usbd_conf.o
    0x08001dcc   0x00000020   Code   RO         1060    i.HAL_PCD_DataOutStageCallback  usbd_conf.o
    0x08001dec   0x0000000e   Code   RO         1061    i.HAL_PCD_DisconnectCallback  usbd_conf.o
    0x08001dfa   0x0000006c   Code   RO         2031    i.HAL_PCD_EP_Close  stm32f1xx_hal_pcd.o
    0x08001e66   0x0000006a   Code   RO         2032    i.HAL_PCD_EP_ClrStall  stm32f1xx_hal_pcd.o
    0x08001ed0   0x00000018   Code   RO         2034    i.HAL_PCD_EP_GetRxCount  stm32f1xx_hal_pcd.o
    0x08001ee8   0x0000007e   Code   RO         2035    i.HAL_PCD_EP_Open   stm32f1xx_hal_pcd.o
    0x08001f66   0x0000006e   Code   RO         2036    i.HAL_PCD_EP_Receive  stm32f1xx_hal_pcd.o
    0x08001fd4   0x0000007a   Code   RO         2037    i.HAL_PCD_EP_SetStall  stm32f1xx_hal_pcd.o
    0x0800204e   0x00000070   Code   RO         2038    i.HAL_PCD_EP_Transmit  stm32f1xx_hal_pcd.o
    0x080020be   0x0000040a   Code   RO         2040    i.HAL_PCD_IRQHandler  stm32f1xx_hal_pcd.o
    0x080024c8   0x00000012   Code   RO         1062    i.HAL_PCD_ISOINIncompleteCallback  usbd_conf.o
    0x080024da   0x00000012   Code   RO         1063    i.HAL_PCD_ISOOUTIncompleteCallback  usbd_conf.o
    0x080024ec   0x0000014a   Code   RO         2043    i.HAL_PCD_Init      stm32f1xx_hal_pcd.o
    0x08002636   0x00000002   PAD
    0x08002638   0x0000005c   Code   RO         1065    i.HAL_PCD_MspInit   usbd_conf.o
    0x08002694   0x00000032   Code   RO         1066    i.HAL_PCD_ResetCallback  usbd_conf.o
    0x080026c6   0x0000000e   Code   RO         1067    i.HAL_PCD_ResumeCallback  usbd_conf.o
    0x080026d4   0x0000000e   Code   RO         1068    i.HAL_PCD_SOFCallback  usbd_conf.o
    0x080026e2   0x00000036   Code   RO         2049    i.HAL_PCD_SetAddress  stm32f1xx_hal_pcd.o
    0x08002718   0x00000012   Code   RO         1069    i.HAL_PCD_SetupStageCallback  usbd_conf.o
    0x0800272a   0x0000003c   Code   RO         2051    i.HAL_PCD_Start     stm32f1xx_hal_pcd.o
    0x08002766   0x00000002   PAD
    0x08002768   0x00000034   Code   RO         1070    i.HAL_PCD_SuspendCallback  usbd_conf.o
    0x0800279c   0x000002a4   Code   RO         2549    i.HAL_RCCEx_PeriphCLKConfig  stm32f1xx_hal_rcc_ex.o
    0x08002a40   0x00000434   Code   RO         2550    i.HAL_RCC_ClockConfig  stm32f1xx_hal_rcc_ex.o
    0x08002e74   0x00000038   Code   RO         1445    i.HAL_RCC_GetHCLKFreq  stm32f1xx_hal_rcc.o
    0x08002eac   0x00000158   Code   RO         2554    i.HAL_RCC_GetSysClockFreq  stm32f1xx_hal_rcc_ex.o
    0x08003004   0x00000bc8   Code   RO         2555    i.HAL_RCC_OscConfig  stm32f1xx_hal_rcc_ex.o
    0x08003bcc   0x0000003a   Code   RO         3173    i.HAL_RTCEx_DeactivateSecond  stm32f1xx_hal_rtc_ex.o
    0x08003c06   0x00000002   Code   RO         3176    i.HAL_RTCEx_RTCEventCallback  stm32f1xx_hal_rtc_ex.o
    0x08003c08   0x00000002   Code   RO         3177    i.HAL_RTCEx_RTCEventErrorCallback  stm32f1xx_hal_rtc_ex.o
    0x08003c0a   0x0000004a   Code   RO         3178    i.HAL_RTCEx_RTCIRQHandler  stm32f1xx_hal_rtc_ex.o
    0x08003c54   0x00000028   Code   RO         2396    i.HAL_SYSTICK_CLKSourceConfig  stm32f1xx_hal_cortex.o
    0x08003c7c   0x00000034   Code   RO         2398    i.HAL_SYSTICK_Config  stm32f1xx_hal_cortex.o
    0x08003cb0   0x00000002   Code   RO         3914    i.HAL_TIMEx_BreakCallback  stm32f1xx_hal_tim_ex.o
    0x08003cb2   0x00000002   Code   RO         3915    i.HAL_TIMEx_CommutationCallback  stm32f1xx_hal_tim_ex.o
    0x08003cb4   0x00000062   Code   RO         3931    i.HAL_TIMEx_MasterConfigSynchronization  stm32f1xx_hal_tim_ex.o
    0x08003d16   0x00000034   Code   RO         3275    i.HAL_TIM_Base_Init  stm32f1xx_hal_tim.o
    0x08003d4a   0x00000002   PAD
    0x08003d4c   0x000000cc   Code   RO          537    i.HAL_TIM_Base_MspInit  stm32f1xx_hal_msp.o
    0x08003e18   0x0000001e   Code   RO         3278    i.HAL_TIM_Base_Start  stm32f1xx_hal_tim.o
    0x08003e36   0x00000002   Code   RO         3304    i.HAL_TIM_IC_CaptureCallback  stm32f1xx_hal_tim.o
    0x08003e38   0x00000196   Code   RO         3317    i.HAL_TIM_IRQHandler  stm32f1xx_hal_tim.o
    0x08003fce   0x00000074   Code   RO         3318    i.HAL_TIM_OC_ConfigChannel  stm32f1xx_hal_tim.o
    0x08004042   0x00000002   Code   RO         3320    i.HAL_TIM_OC_DelayElapsedCallback  stm32f1xx_hal_tim.o
    0x08004044   0x00000034   Code   RO         3322    i.HAL_TIM_OC_Init   stm32f1xx_hal_tim.o
    0x08004078   0x00000044   Code   RO          538    i.HAL_TIM_OC_MspInit  stm32f1xx_hal_msp.o
    0x080040bc   0x0000008c   Code   RO         3327    i.HAL_TIM_OC_Start_IT  stm32f1xx_hal_tim.o
    0x08004148   0x00000002   Code   RO         3347    i.HAL_TIM_PWM_PulseFinishedCallback  stm32f1xx_hal_tim.o
    0x0800414a   0x00000002   Code   RO         3354    i.HAL_TIM_PeriodElapsedCallback  stm32f1xx_hal_tim.o
    0x0800414c   0x00000002   Code   RO         3358    i.HAL_TIM_TriggerCallback  stm32f1xx_hal_tim.o
    0x0800414e   0x00000002   PAD
    0x08004150   0x00000010   Code   RO          704    i.I2C1_EV_IRQHandler  stm32f1xx_it.o
    0x08004160   0x000000d0   Code   RO         4189    i.I2C_MasterReceive_BTF  stm32f1xx_hal_i2c.o
    0x08004230   0x000000a0   Code   RO         4190    i.I2C_MasterReceive_RXNE  stm32f1xx_hal_i2c.o
    0x080042d0   0x000000f8   Code   RO         4191    i.I2C_MasterRequestRead  stm32f1xx_hal_i2c.o
    0x080043c8   0x00000070   Code   RO         4193    i.I2C_MasterTransmit_BTF  stm32f1xx_hal_i2c.o
    0x08004438   0x00000028   Code   RO         4194    i.I2C_MasterTransmit_TXE  stm32f1xx_hal_i2c.o
    0x08004460   0x0000001e   Code   RO         4197    i.I2C_SlaveReceive_BTF  stm32f1xx_hal_i2c.o
    0x0800447e   0x0000001e   Code   RO         4198    i.I2C_SlaveReceive_RXNE  stm32f1xx_hal_i2c.o
    0x0800449c   0x0000001c   Code   RO         4199    i.I2C_SlaveTransmit_BTF  stm32f1xx_hal_i2c.o
    0x080044b8   0x0000001c   Code   RO         4200    i.I2C_SlaveTransmit_TXE  stm32f1xx_hal_i2c.o
    0x080044d4   0x0000001a   Code   RO         4201    i.I2C_Slave_ADDR    stm32f1xx_hal_i2c.o
    0x080044ee   0x00000002   PAD
    0x080044f0   0x0000005c   Code   RO         4203    i.I2C_Slave_STOPF   stm32f1xx_hal_i2c.o
    0x0800454c   0x000000de   Code   RO         4204    i.I2C_WaitOnFlagUntilTimeout  stm32f1xx_hal_i2c.o
    0x0800462a   0x000000ae   Code   RO         4205    i.I2C_WaitOnMasterAddressFlagUntilTimeout  stm32f1xx_hal_i2c.o
    0x080046d8   0x0000003c   Code   RO          919    i.MX_CAN1_Init      main.o
    0x08004714   0x0000003c   Code   RO          920    i.MX_CAN2_Init      main.o
    0x08004750   0x000001c8   Code   RO          921    i.MX_CAN_ReInit     main.o
    0x08004918   0x000000b8   Code   RO          922    i.MX_GPIO_Init      main.o
    0x080049d0   0x00000060   Code   RO          924    i.MX_TIM3_Init      main.o
    0x08004a30   0x00000054   Code   RO          925    i.MX_TIM4_Init      main.o
    0x08004a84   0x00000034   Code   RO         1264    i.MX_USB_DEVICE_Init  usb_device.o
    0x08004ab8   0x00000010   Code   RO         2400    i.NVIC_GetPriorityGrouping  stm32f1xx_hal_cortex.o
    0x08004ac8   0x00000028   Code   RO         2401    i.NVIC_SetPriority  stm32f1xx_hal_cortex.o
    0x08004af0   0x00000010   Code   RO          705    i.OTG_FS_IRQHandler  stm32f1xx_it.o
    0x08004b00   0x000000ac   Code   RO         2054    i.PCD_WriteEmptyTxFifo  stm32f1xx_hal_pcd.o
    0x08004bac   0x000000b0   Code   RO         1308    i.ParsCMD           usb_parser.o
    0x08004c5c   0x00000014   Code   RO          706    i.RTC_IRQHandler    stm32f1xx_it.o
    0x08004c70   0x00000030   Code   RO          927    i.Send_Msg          main.o
    0x08004ca0   0x000001fc   Code   RO          928    i.Setting_CAN       main.o
    0x08004e9c   0x0000000c   Code   RO          707    i.SysTick_Handler   stm32f1xx_it.o
    0x08004ea8   0x00000090   Code   RO          930    i.SystemClock_Config  main.o
    0x08004f38   0x00000064   Code   RO         4502    i.SystemInit        system_stm32f1xx.o
    0x08004f9c   0x0000006c   Code   RO          708    i.TIM3_IRQHandler   stm32f1xx_it.o
    0x08005008   0x00000094   Code   RO          709    i.TIM4_IRQHandler   stm32f1xx_it.o
    0x0800509c   0x0000007c   Code   RO         3359    i.TIM_Base_SetConfig  stm32f1xx_hal_tim.o
    0x08005118   0x0000001c   Code   RO         3360    i.TIM_CCxChannelCmd  stm32f1xx_hal_tim.o
    0x08005134   0x00000064   Code   RO         3368    i.TIM_OC1_SetConfig  stm32f1xx_hal_tim.o
    0x08005198   0x00000070   Code   RO         3369    i.TIM_OC2_SetConfig  stm32f1xx_hal_tim.o
    0x08005208   0x0000006c   Code   RO         3370    i.TIM_OC3_SetConfig  stm32f1xx_hal_tim.o
    0x08005274   0x00000050   Code   RO         3371    i.TIM_OC4_SetConfig  stm32f1xx_hal_tim.o
    0x080052c4   0x00000194   Code   RO          931    i.Task_Pars_CAN     main.o
    0x08005458   0x00000364   Code   RO          932    i.Task_Pars_USB     main.o
    0x080057bc   0x00000088   Code   RO          933    i.Task_Send_CAN     main.o
    0x08005844   0x00000034   Code   RO          934    i.Task_Send_USB     main.o
    0x08005878   0x0000001a   Code   RO          282    i.USBD_CDC_DataIn   usbd_cdc.o
    0x08005892   0x00000034   Code   RO          283    i.USBD_CDC_DataOut  usbd_cdc.o
    0x080058c6   0x00000040   Code   RO          284    i.USBD_CDC_DeInit   usbd_cdc.o
    0x08005906   0x00000032   Code   RO          285    i.USBD_CDC_EP0_RxReady  usbd_cdc.o
    0x08005938   0x00000010   Code   RO          286    i.USBD_CDC_GetDeviceQualifierDescriptor  usbd_cdc.o
    0x08005948   0x00000010   Code   RO          287    i.USBD_CDC_GetFSCfgDesc  usbd_cdc.o
    0x08005958   0x00000010   Code   RO          288    i.USBD_CDC_GetHSCfgDesc  usbd_cdc.o
    0x08005968   0x00000010   Code   RO          289    i.USBD_CDC_GetOtherSpeedCfgDesc  usbd_cdc.o
    0x08005978   0x000000a6   Code   RO          290    i.USBD_CDC_Init     usbd_cdc.o
    0x08005a1e   0x0000003a   Code   RO          291    i.USBD_CDC_ReceivePacket  usbd_cdc.o
    0x08005a58   0x0000000e   Code   RO          292    i.USBD_CDC_RegisterInterface  usbd_cdc.o
    0x08005a66   0x0000000e   Code   RO          293    i.USBD_CDC_SetRxBuffer  usbd_cdc.o
    0x08005a74   0x00000014   Code   RO          294    i.USBD_CDC_SetTxBuffer  usbd_cdc.o
    0x08005a88   0x0000006a   Code   RO          295    i.USBD_CDC_Setup    usbd_cdc.o
    0x08005af2   0x00000038   Code   RO          296    i.USBD_CDC_TransmitPacket  usbd_cdc.o
    0x08005b2a   0x00000016   Code   RO          391    i.USBD_ClrClassConfig  usbd_core.o
    0x08005b40   0x00000044   Code   RO            4    i.USBD_ClrFeature   usbd_ctlreq.o
    0x08005b84   0x00000018   Code   RO          222    i.USBD_CtlContinueRx  usbd_ioreq.o
    0x08005b9c   0x00000018   Code   RO          223    i.USBD_CtlContinueSendData  usbd_ioreq.o
    0x08005bb4   0x00000018   Code   RO            5    i.USBD_CtlError     usbd_ctlreq.o
    0x08005bcc   0x00000028   Code   RO          224    i.USBD_CtlPrepareRx  usbd_ioreq.o
    0x08005bf4   0x0000001a   Code   RO          225    i.USBD_CtlReceiveStatus  usbd_ioreq.o
    0x08005c0e   0x00000022   Code   RO          226    i.USBD_CtlSendData  usbd_ioreq.o
    0x08005c30   0x0000001a   Code   RO          227    i.USBD_CtlSendStatus  usbd_ioreq.o
    0x08005c4a   0x00000002   PAD
    0x08005c4c   0x00000034   Code   RO          633    i.USBD_FS_ConfigStrDescriptor  usbd_desc.o
    0x08005c80   0x00000010   Code   RO          634    i.USBD_FS_DeviceDescriptor  usbd_desc.o
    0x08005c90   0x00000038   Code   RO          635    i.USBD_FS_InterfaceStrDescriptor  usbd_desc.o
    0x08005cc8   0x00000010   Code   RO          636    i.USBD_FS_LangIDStrDescriptor  usbd_desc.o
    0x08005cd8   0x0000002c   Code   RO          637    i.USBD_FS_ManufacturerStrDescriptor  usbd_desc.o
    0x08005d04   0x00000040   Code   RO          638    i.USBD_FS_ProductStrDescriptor  usbd_desc.o
    0x08005d44   0x00000038   Code   RO          639    i.USBD_FS_SerialStrDescriptor  usbd_desc.o
    0x08005d7c   0x00000050   Code   RO            6    i.USBD_GetConfig    usbd_ctlreq.o
    0x08005dcc   0x00000148   Code   RO            7    i.USBD_GetDescriptor  usbd_ctlreq.o
    0x08005f14   0x00000014   Code   RO            8    i.USBD_GetLen       usbd_ctlreq.o
    0x08005f28   0x00000044   Code   RO            9    i.USBD_GetStatus    usbd_ctlreq.o
    0x08005f6c   0x00000052   Code   RO           10    i.USBD_GetString    usbd_ctlreq.o
    0x08005fbe   0x00000032   Code   RO          393    i.USBD_Init         usbd_core.o
    0x08005ff0   0x00000014   Code   RO         1071    i.USBD_LL_ClearStallEP  usbd_conf.o
    0x08006004   0x00000014   Code   RO         1072    i.USBD_LL_CloseEP   usbd_conf.o
    0x08006018   0x000000c2   Code   RO          394    i.USBD_LL_DataInStage  usbd_core.o
    0x080060da   0x00000086   Code   RO          395    i.USBD_LL_DataOutStage  usbd_core.o
    0x08006160   0x00000006   Code   RO          396    i.USBD_LL_DevConnected  usbd_core.o
    0x08006166   0x0000001a   Code   RO          397    i.USBD_LL_DevDisconnected  usbd_core.o
    0x08006180   0x00000012   Code   RO         1076    i.USBD_LL_GetRxDataSize  usbd_conf.o
    0x08006192   0x00000002   PAD
    0x08006194   0x00000058   Code   RO         1077    i.USBD_LL_Init      usbd_conf.o
    0x080061ec   0x00000038   Code   RO         1078    i.USBD_LL_IsStallEP  usbd_conf.o
    0x08006224   0x00000006   Code   RO          398    i.USBD_LL_IsoINIncomplete  usbd_core.o
    0x0800622a   0x00000006   Code   RO          399    i.USBD_LL_IsoOUTIncomplete  usbd_core.o
    0x08006230   0x00000020   Code   RO         1079    i.USBD_LL_OpenEP    usbd_conf.o
    0x08006250   0x00000020   Code   RO         1080    i.USBD_LL_PrepareReceive  usbd_conf.o
    0x08006270   0x00000044   Code   RO          400    i.USBD_LL_Reset     usbd_core.o
    0x080062b4   0x0000000e   Code   RO          401    i.USBD_LL_Resume    usbd_core.o
    0x080062c2   0x00000022   Code   RO          402    i.USBD_LL_SOF       usbd_core.o
    0x080062e4   0x00000008   Code   RO          403    i.USBD_LL_SetSpeed  usbd_core.o
    0x080062ec   0x00000014   Code   RO         1081    i.USBD_LL_SetUSBAddress  usbd_conf.o
    0x08006300   0x0000006e   Code   RO          404    i.USBD_LL_SetupStage  usbd_core.o
    0x0800636e   0x00000014   Code   RO         1082    i.USBD_LL_StallEP   usbd_conf.o
    0x08006382   0x00000010   Code   RO         1083    i.USBD_LL_Start     usbd_conf.o
    0x08006392   0x00000014   Code   RO          405    i.USBD_LL_Suspend   usbd_core.o
    0x080063a6   0x00000020   Code   RO         1085    i.USBD_LL_Transmit  usbd_conf.o
    0x080063c6   0x00000028   Code   RO           11    i.USBD_ParseSetupRequest  usbd_ctlreq.o
    0x080063ee   0x00000010   Code   RO          406    i.USBD_RegisterClass  usbd_core.o
    0x080063fe   0x00000006   Code   RO          407    i.USBD_RunTestMode  usbd_core.o
    0x08006404   0x00000054   Code   RO           12    i.USBD_SetAddress   usbd_ctlreq.o
    0x08006458   0x00000022   Code   RO          408    i.USBD_SetClassConfig  usbd_core.o
    0x0800647a   0x00000002   PAD
    0x0800647c   0x000000e0   Code   RO           13    i.USBD_SetConfig    usbd_ctlreq.o
    0x0800655c   0x00000024   Code   RO           14    i.USBD_SetFeature   usbd_ctlreq.o
    0x08006580   0x0000000e   Code   RO          409    i.USBD_Start        usbd_core.o
    0x0800658e   0x00000072   Code   RO           15    i.USBD_StdDevReq    usbd_ctlreq.o
    0x08006600   0x0000013c   Code   RO           16    i.USBD_StdEPReq     usbd_ctlreq.o
    0x0800673c   0x0000004a   Code   RO           17    i.USBD_StdItfReq    usbd_ctlreq.o
    0x08006786   0x0000000c   Code   RO         1086    i.USBD_static_free  usbd_conf.o
    0x08006792   0x00000002   PAD
    0x08006794   0x0000000c   Code   RO         1087    i.USBD_static_malloc  usbd_conf.o
    0x080067a0   0x000000d8   Code   RO         1544    i.USB_ActivateEndpoint  stm32f1xx_ll_usb.o
    0x08006878   0x00000044   Code   RO         1546    i.USB_ActivateSetup  stm32f1xx_ll_usb.o
    0x080068bc   0x0000001c   Code   RO         1548    i.USB_CoreInit      stm32f1xx_ll_usb.o
    0x080068d8   0x0000004c   Code   RO         1549    i.USB_CoreReset     stm32f1xx_ll_usb.o
    0x08006924   0x000000a8   Code   RO         1551    i.USB_DeactivateEndpoint  stm32f1xx_ll_usb.o
    0x080069cc   0x0000001e   Code   RO         1552    i.USB_DevConnect    stm32f1xx_ll_usb.o
    0x080069ea   0x0000001e   Code   RO         1553    i.USB_DevDisconnect  stm32f1xx_ll_usb.o
    0x08006a08   0x00000168   Code   RO         1554    i.USB_DevInit       stm32f1xx_ll_usb.o
    0x08006b70   0x0000000e   Code   RO         1555    i.USB_DisableGlobalInt  stm32f1xx_ll_usb.o
    0x08006b7e   0x00000002   PAD
    0x08006b80   0x00000184   Code   RO         1558    i.USB_EP0StartXfer  stm32f1xx_ll_usb.o
    0x08006d04   0x00000030   Code   RO         1559    i.USB_EP0_OutStart  stm32f1xx_ll_usb.o
    0x08006d34   0x00000088   Code   RO         1560    i.USB_EPClearStall  stm32f1xx_ll_usb.o
    0x08006dbc   0x0000008c   Code   RO         1561    i.USB_EPSetStall    stm32f1xx_ll_usb.o
    0x08006e48   0x000002a4   Code   RO         1562    i.USB_EPStartXfer   stm32f1xx_ll_usb.o
    0x080070ec   0x0000000e   Code   RO         1563    i.USB_EnableGlobalInt  stm32f1xx_ll_usb.o
    0x080070fa   0x00000002   PAD
    0x080070fc   0x0000002c   Code   RO         1564    i.USB_FlushRxFifo   stm32f1xx_ll_usb.o
    0x08007128   0x00000030   Code   RO         1565    i.USB_FlushTxFifo   stm32f1xx_ll_usb.o
    0x08007158   0x0000000a   Code   RO         1569    i.USB_GetMode       stm32f1xx_ll_usb.o
    0x08007162   0x00000014   Code   RO         1576    i.USB_ReadDevAllInEpInterrupt  stm32f1xx_ll_usb.o
    0x08007176   0x00000014   Code   RO         1577    i.USB_ReadDevAllOutEpInterrupt  stm32f1xx_ll_usb.o
    0x0800718a   0x00000032   Code   RO         1578    i.USB_ReadDevInEPInterrupt  stm32f1xx_ll_usb.o
    0x080071bc   0x00000018   Code   RO         1579    i.USB_ReadDevOutEPInterrupt  stm32f1xx_ll_usb.o
    0x080071d4   0x0000000c   Code   RO         1580    i.USB_ReadInterrupts  stm32f1xx_ll_usb.o
    0x080071e0   0x00000028   Code   RO         1581    i.USB_ReadPacket    stm32f1xx_ll_usb.o
    0x08007208   0x00000030   Code   RO         1583    i.USB_SetCurrentMode  stm32f1xx_ll_usb.o
    0x08007238   0x00000024   Code   RO         1584    i.USB_SetDevAddress  stm32f1xx_ll_usb.o
    0x0800725c   0x00000010   Code   RO         1585    i.USB_SetDevSpeed   stm32f1xx_ll_usb.o
    0x0800726c   0x0000002e   Code   RO         1588    i.USB_WritePacket   stm32f1xx_ll_usb.o
    0x0800729a   0x00000002   PAD
    0x0800729c   0x00000028   Code   RO         5748    i.__0sprintf$6      mc_w.l(printf6.o)
    0x080072c4   0x0000000e   Code   RO         5926    i.__scatterload_copy  mc_w.l(handlers.o)
    0x080072d2   0x00000002   Code   RO         5927    i.__scatterload_null  mc_w.l(handlers.o)
    0x080072d4   0x0000000e   Code   RO         5928    i.__scatterload_zeroinit  mc_w.l(handlers.o)
    0x080072e2   0x00000002   PAD
    0x080072e4   0x000002f0   Code   RO         5753    i._printf_core      mc_w.l(printf6.o)
    0x080075d4   0x00000024   Code   RO         5754    i._printf_post_padding  mc_w.l(printf6.o)
    0x080075f8   0x0000002e   Code   RO         5755    i._printf_pre_padding  mc_w.l(printf6.o)
    0x08007626   0x0000000a   Code   RO         5757    i._sputc            mc_w.l(printf6.o)
    0x08007630   0x00000050   Code   RO         5852    i.free              mc_w.l(malloc.o)
    0x08007680   0x000001c8   Code   RO          935    i.main              main.o
    0x08007848   0x00000018   Code   RO         4714    i.osDelay           cmsis_os.o
    0x08007860   0x0000000a   Code   RO         4717    i.osKernelStart     cmsis_os.o
    0x0800786a   0x00000010   Code   RO         4744    i.osSystickHandler  cmsis_os.o
    0x0800787a   0x00000002   PAD
    0x0800787c   0x00000054   Code   RO         5219    i.prvAddCurrentTaskToDelayedList  tasks.o
    0x080078d0   0x0000003a   Code   RO         5220    i.prvAllocateTCBAndStack  tasks.o
    0x0800790a   0x00000002   PAD
    0x0800790c   0x00000064   Code   RO         5221    i.prvCheckTasksWaitingTermination  tasks.o
    0x08007970   0x0000002a   Code   RO         4534    i.prvCopyDataFromQueue  queue.o
    0x0800799a   0x00000080   Code   RO         4535    i.prvCopyDataToQueue  queue.o
    0x08007a1a   0x00000012   Code   RO         5222    i.prvDeleteTCB      tasks.o
    0x08007a2c   0x0000007c   Code   RO         5527    i.prvHeapInit       heap_4.o
    0x08007aa8   0x00000018   Code   RO         5223    i.prvIdleTask       tasks.o
    0x08007ac0   0x0000005a   Code   RO         5224    i.prvInitialiseTCBVariables  tasks.o
    0x08007b1a   0x00000002   PAD
    0x08007b1c   0x00000068   Code   RO         5225    i.prvInitialiseTaskLists  tasks.o
    0x08007b84   0x00000068   Code   RO         5528    i.prvInsertBlockIntoFreeList  heap_4.o
    0x08007bec   0x0000001a   Code   RO         4536    i.prvIsQueueEmpty   queue.o
    0x08007c06   0x0000001e   Code   RO         4537    i.prvIsQueueFull    queue.o
    0x08007c24   0x00000034   Code   RO         5227    i.prvResetNextTaskUnblockTime  tasks.o
    0x08007c58   0x00000024   Code   RO         5020    i.prvTaskExitError  port.o
    0x08007c7c   0x0000007e   Code   RO         4538    i.prvUnlockQueue    queue.o
    0x08007cfa   0x00000002   PAD
    0x08007cfc   0x00000114   Code   RO         5529    i.pvPortMalloc      heap_4.o
    0x08007e10   0x00000020   Code   RO         5230    i.pvTaskIncrementMutexHeldCount  tasks.o
    0x08007e30   0x00000020   Code   RO         5021    i.pxPortInitialiseStack  port.o
    0x08007e50   0x00000028   Code   RO         5491    i.uxListRemove      list.o
    0x08007e78   0x0000001a   Code   RO         5492    i.vListInitialise   list.o
    0x08007e92   0x00000006   Code   RO         5493    i.vListInitialiseItem  list.o
    0x08007e98   0x00000034   Code   RO         5494    i.vListInsert       list.o
    0x08007ecc   0x00000018   Code   RO         5495    i.vListInsertEnd    list.o
    0x08007ee4   0x00000044   Code   RO         5023    i.vPortEnterCritical  port.o
    0x08007f28   0x0000002c   Code   RO         5024    i.vPortExitCritical  port.o
    0x08007f54   0x00000078   Code   RO         5530    i.vPortFree         heap_4.o
    0x08007fcc   0x00000020   Code   RO         5025    i.vPortSetupTimerInterrupt  port.o
    0x08007fec   0x0000005c   Code   RO         5026    i.vPortValidateInterruptPriority  port.o
    0x08008048   0x00000018   Code   RO         5027    i.vPortYield        port.o
    0x08008060   0x00000070   Code   RO         5236    i.vTaskDelay        tasks.o
    0x080080d0   0x0000000c   Code   RO         5240    i.vTaskMissedYield  tasks.o
    0x080080dc   0x00000070   Code   RO         5241    i.vTaskPlaceOnEventList  tasks.o
    0x0800814c   0x000000b0   Code   RO         5243    i.vTaskPriorityInherit  tasks.o
    0x080081fc   0x00000024   Code   RO         5247    i.vTaskSetTimeOutState  tasks.o
    0x08008220   0x00000054   Code   RO         5248    i.vTaskStartScheduler  tasks.o
    0x08008274   0x00000010   Code   RO         5250    i.vTaskSuspendAll   tasks.o
    0x08008284   0x00000080   Code   RO         5251    i.vTaskSwitchContext  tasks.o
    0x08008304   0x000000a0   Code   RO         5028    i.xPortStartScheduler  port.o
    0x080083a4   0x00000020   Code   RO         5029    i.xPortSysTickHandler  port.o
    0x080083c4   0x0000005c   Code   RO         4550    i.xQueueGenericCreate  queue.o
    0x08008420   0x0000015a   Code   RO         4551    i.xQueueGenericReceive  queue.o
    0x0800857a   0x00000078   Code   RO         4552    i.xQueueGenericReset  queue.o
    0x080085f2   0x00000142   Code   RO         4553    i.xQueueGenericSend  queue.o
    0x08008734   0x000000b4   Code   RO         4554    i.xQueueGenericSendFromISR  queue.o
    0x080087e8   0x00000088   Code   RO         4559    i.xQueueReceiveFromISR  queue.o
    0x08008870   0x00000074   Code   RO         5252    i.xTaskCheckForTimeOut  tasks.o
    0x080088e4   0x00000138   Code   RO         5253    i.xTaskGenericCreate  tasks.o
    0x08008a1c   0x00000020   Code   RO         5255    i.xTaskGetSchedulerState  tasks.o
    0x08008a3c   0x0000013c   Code   RO         5258    i.xTaskIncrementTick  tasks.o
    0x08008b78   0x00000090   Code   RO         5259    i.xTaskPriorityDisinherit  tasks.o
    0x08008c08   0x0000008c   Code   RO         5260    i.xTaskRemoveFromEventList  tasks.o
    0x08008c94   0x000000e8   Code   RO         5262    i.xTaskResumeAll    tasks.o
    0x08008d7c   0x00000010   Data   RO         1453    .constdata          stm32f1xx_hal_rcc.o
    0x08008d8c   0x00000013   Data   RO          711    .conststring        stm32f1xx_it.o
    0x08008d9f   0x00000001   PAD
    0x08008da0   0x00000020   Data   RO         5924    Region$$Table       anon$$obj.o


    Execution Region RW_IRAM1 (Base: 0x20000000, Size: 0x00004558, Max: 0x00010000, ABSOLUTE, COMPRESSED[0x000001a0])

    Base Addr    Size         Type   Attr      Idx    E Section Name        Object

    0x20000000   0x00000001   Data   RW           18    .data               usbd_ctlreq.o
    0x20000001   0x00000003   PAD
    0x20000004   0x0000010f   Data   RW          297    .data               usbd_cdc.o
    0x20000113   0x00000001   PAD
    0x20000114   0x00000004   Data   RW          539    .data               stm32f1xx_hal_msp.o
    0x20000118   0x00000034   Data   RW          641    .data               usbd_desc.o
    0x2000014c   0x00000608   Data   RW          712    .data               stm32f1xx_it.o
    0x20000754   0x0000001c   Data   RW          857    .data               usbd_cdc_if.o
    0x20000770   0x00000698   Data   RW          938    .data               main.o
    0x20000e08   0x0000059e   Data   RW         1310    .data               usb_parser.o
    0x200013a6   0x00000002   PAD
    0x200013a8   0x00000004   Data   RW         2658    .data               stm32f1xx_hal.o
    0x200013ac   0x00000014   Data   RW         4503    .data               system_stm32f1xx.o
    0x200013c0   0x0000000c   Data   RW         5030    .data               port.o
    0x200013cc   0x00000038   Data   RW         5265    .data               tasks.o
    0x20001404   0x00000018   Data   RW         5535    .data               heap_4.o
    0x2000141c   0x00000004   Data   RW         5901    .data               mc_w.l(mvars.o)
    0x20001420   0x00000200   Zero   RW          640    .bss                usbd_desc.o
    0x20001620   0x00000048   Zero   RW          710    .bss                stm32f1xx_it.o
    0x20001668   0x000002f5   Zero   RW          856    .bss                usbd_cdc_if.o
    0x2000195d   0x00000003   PAD
    0x20001960   0x0000031e   Zero   RW          936    .bss                main.o
    0x20001c7e   0x00000002   PAD
    0x20001c80   0x000005c4   Zero   RW         1088    .bss                usbd_conf.o
    0x20002244   0x00000224   Zero   RW         1265    .bss                usb_device.o
    0x20002468   0x000000f0   Zero   RW         5264    .bss                tasks.o
    0x20002558   0x00001800   Zero   RW         5534    .bss                heap_4.o
    0x20003d58   0x00000800   Zero   RW         4491    STACK               startup_stm32f105xc.o


==============================================================================

Image component sizes


      Code (inc. data)   RO Data    RW Data    ZI Data      Debug   Object Name

        50          0          0          0          0       6041   cmsis_os.o
       624         64          0         24       6144       3955   heap_4.o
       148          0          0          0          0       3158   list.o
      4000        444          0       1688        798      14306   main.o
       682         84          0         12          0       8042   port.o
      1548          0          0          0          0      11628   queue.o
        36          8        336          0       2048        852   startup_stm32f105xc.o
       130         16          0          4          0       3334   stm32f1xx_hal.o
      2764         26          0          0          0       8788   stm32f1xx_hal_can.o
       366         28          0          0          0      26923   stm32f1xx_hal_cortex.o
      1146         60          0          0          0       4543   stm32f1xx_hal_gpio.o
      2062         22          0          0          0      12234   stm32f1xx_hal_i2c.o
       772         76          0          4          0      61608   stm32f1xx_hal_msp.o
      2358          0          0          0          0       9633   stm32f1xx_hal_pcd.o
        92          0          0          0          0       1636   stm32f1xx_hal_pcd_ex.o
        56         14         16          0          0       1222   stm32f1xx_hal_rcc.o
      5112        104          0          0          0       5584   stm32f1xx_hal_rcc_ex.o
       136          0          0          0          0       2586   stm32f1xx_hal_rtc_ex.o
      1358         42          0          0          0      10843   stm32f1xx_hal_tim.o
       102          0          0          0          0       2094   stm32f1xx_hal_tim_ex.o
       808        140         19       1544         72      27441   stm32f1xx_it.o
      2806         44          0          0          0      17344   stm32f1xx_ll_usb.o
       100         16          0         20          0       1229   system_stm32f1xx.o
      2530        346          0         56        240      18226   tasks.o
        52         16          0          0        548        616   usb_device.o
       176         10          0       1438          0       1346   usb_parser.o
       690         24          0        271          0      11806   usbd_cdc.o
       284         58          0         28        757       5469   usbd_cdc_if.o
       748         28          0          0       1476      13929   usbd_conf.o
       768          0          0          0          0      11233   usbd_core.o
      1558         30          0          1          0     299212   usbd_ctlreq.o
       304        128          0         52        512       4711   usbd_desc.o
       174          0          0          0          0       4116   usbd_ioreq.o

    ----------------------------------------------------------------------
     34584       1828        404       5148      12600     615688   Object Totals
         0          0         32          0          0          0   (incl. Generated)
        44          0          1          6          5          0   (incl. Padding)

    ----------------------------------------------------------------------

      Code (inc. data)   RO Data    RW Data    ZI Data      Debug   Library Member Name

        86          0          0          0          0          0   __dczerorl2.o
         0          0          0          0          0          0   entry.o
         0          0          0          0          0          0   entry10a.o
         0          0          0          0          0          0   entry11a.o
         8          4          0          0          0          0   entry2.o
         4          0          0          0          0          0   entry5.o
         0          0          0          0          0          0   entry7b.o
         0          0          0          0          0          0   entry8b.o
         8          4          0          0          0          0   entry9a.o
        30          0          0          0          0          0   handlers.o
        36          8          0          0          0         68   init.o
        80          4          0          0          0         76   malloc.o
        36          0          0          0          0         68   memcpya.o
        36          0          0          0          0        108   memseta.o
         0          0          0          4          0          0   mvars.o
       884         10          0          0          0        420   printf6.o
        14          0          0          0          0         68   strlen.o
        30          0          0          0          0         80   strncmp.o
        44          0          0          0          0         80   uidiv.o

    ----------------------------------------------------------------------
      1300         30          0          4          0        968   Library Totals
         4          0          0          0          0          0   (incl. Padding)

    ----------------------------------------------------------------------

      Code (inc. data)   RO Data    RW Data    ZI Data      Debug   Library Name

      1296         30          0          4          0        968   mc_w.l

    ----------------------------------------------------------------------
      1300         30          0          4          0        968   Library Totals

    ----------------------------------------------------------------------

==============================================================================


      Code (inc. data)   RO Data    RW Data    ZI Data      Debug   

     35884       1858        404       5152      12600     600872   Grand Totals
     35884       1858        404        416      12600     600872   ELF Image Totals (compressed)
     35884       1858        404        416          0          0   ROM Totals

==============================================================================

    Total RO  Size (Code + RO Data)                36288 (  35.44kB)
    Total RW  Size (RW Data + ZI Data)             17752 (  17.34kB)
    Total ROM Size (Code + RO Data + RW Data)      36704 (  35.84kB)

==============================================================================

